[Licensing::Module] Trying to connect to existing licensing client channel...
Built from '6000.2/respin/6000.2.8f1-e4064264ae96' branch; Version is '6000.2.8f1 (c9992ac36c34) revision 13211946'; Using compiler version '194234433'; Build Type 'Release'
OS: 'Windows 11  (10.0.26200) 64bit Core' Language: 'ko' Physical Memory: 32469 MB
[Licensing::IpcConnector] Successfully connected to: "LicenseClient-m" at "2026-09-21T03:55:02.7192166Z"
BatchMode: 1, IsHumanControllingUs: 0, StartBugReporterOnCrash: 0, Is64bit: 1
Date: 2026-09-21T03:55:02Z

COMMAND LINE ARGUMENTS:
C:\Program Files\Unity\Hub\Editor\6000.2.8f1-x86_64\Editor\Unity.exe
-batchmode
-quit
-projectPath
C:\훈련생폴더\3. 유니티\SandGuard-Origin-of-Djinn
-executeMethod
SandGuard.Cutscenes.Editor.IntroSceneBuilder.Build
-logFile
C:\훈련생폴더\3. 유니티\SandGuard-Origin-of-Djinn\intro-build.log
Successfully changed project path to: C:\훈련생폴더\3. 유니티\SandGuard-Origin-of-Djinn
C:/훈련생폴더/3. 유니티/SandGuard-Origin-of-Djinn
[UnityMemory] Configuration Parameters - Can be set up in boot.config
    "memorysetup-allocator-temp-initial-block-size-main=262144"
    "memorysetup-allocator-temp-initial-block-size-worker=262144"
    "memorysetup-bucket-allocator-granularity=16"
    "memorysetup-bucket-allocator-bucket-count=8"
    "memorysetup-bucket-allocator-block-size=33554432"
    "memorysetup-bucket-allocator-block-count=8"
    "memorysetup-main-allocator-block-size=16777216"
    "memorysetup-thread-allocator-block-size=16777216"
    "memorysetup-gfx-main-allocator-block-size=16777216"
    "memorysetup-gfx-thread-allocator-block-size=16777216"
    "memorysetup-cache-allocator-block-size=4194304"
    "memorysetup-typetree-allocator-block-size=2097152"
    "memorysetup-profiler-bucket-allocator-granularity=16"
    "memorysetup-profiler-bucket-allocator-bucket-count=8"
    "memorysetup-profiler-bucket-allocator-block-size=33554432"
    "memorysetup-profiler-bucket-allocator-block-count=8"
    "memorysetup-profiler-allocator-block-size=16777216"
    "memorysetup-profiler-editor-allocator-block-size=1048576"
    "memorysetup-temp-allocator-size-main=16777216"
    "memorysetup-job-temp-allocator-block-size=2097152"
    "memorysetup-job-temp-allocator-block-size-background=1048576"
    "memorysetup-job-temp-allocator-reduction-small-platforms=262144"
    "memorysetup-temp-allocator-size-background-worker=32768"
    "memorysetup-temp-allocator-size-job-worker=262144"
    "memorysetup-temp-allocator-size-preload-manager=33554432"
    "memorysetup-temp-allocator-size-nav-mesh-worker=65536"
    "memorysetup-temp-allocator-size-audio-worker=65536"
    "memorysetup-temp-allocator-size-cloud-worker=32768"
    "memorysetup-temp-allocator-size-gi-baking-worker=262144"
    "memorysetup-temp-allocator-size-gi-baking-worker=262144"
    "memorysetup-temp-allocator-size-gi-baking-worker=262144"
    "memorysetup-temp-allocator-size-gi-baking-worker=262144"
    "memorysetup-temp-allocator-size-gi-baking-worker=262144"
    "memorysetup-temp-allocator-size-gfx=262144"
Player connection [16932]  Target information:

Player connection [16932]  * "[IP] 192.168.1.47 [Port] 55504 [Flags] 2 [Guid] 3960223321 [EditorId] 3960223321 [Version] 1048832 [Id] WindowsEditor(7,DESKTOP-LKQ38HD) [Debug] 1 [PackageName] WindowsEditor [ProjectName] Editor" 

Player connection [16932] Host joined multi-casting on [225.0.0.222:54997]...
Player connection [16932] Host joined alternative multi-casting on [225.0.0.222:34997]...
Input System module state changed to: Initialized.
[Physics::Module] Initialized fallback backend.
[Physics::Module] Id: 0xdecafbad
[Licensing::Client] Code 10 while verifying Licensing Client signature (process Id: 436, path: "C:/Program Files/Unity Hub/UnityLicensingClient_V1/Unity.Licensing.Client.exe")
[Licensing::Module] LicensingClient has failed validation; ignoring
[Licensing::Client] Handshaking with LicensingClient:
  Version:                 1.17.4+4293ba1
  Session Id:              86e5b351c49a49acad9b0dcc37ca56d6
  Correlation Id:          e3643a1ac6a3745dd7d27aa264eaea45
  External correlation Id: 7466880352039609900
  Machine Id:              64RP13i/LTV/zT9b3edfwZJgXn0=
[Licensing::Module] Successfully connected to LicensingClient on channel: "LicenseClient-m" (connect: 0.00s, validation: 0.00s, handshake: 0.04s)
[Licensing::IpcConnector] Successfully connected to: "LicenseClient-m-notifications" at "2026-09-21T03:55:02.7578666Z"
[Licensing::Module] Error: Access token is unavailable; failed to update
[Licensing::Client] Successfully resolved entitlement details
[Licensing::Module] License group:
  Id: 14568846920955-UnityPersXXXX
  Product: Unity Personal
  Type: Assigned
  Expiration: Unlimited
[Licensing::Client] Successfully updated license, isAsync: True, time: 0.00
[Licensing::Client] Successfully resolved entitlement details
[Licensing::Module] Licensing Background thread has ended after 0.05s
[Package Manager] Connected to IPC stream "Upm-30020" after 0.2 seconds.
Library Redirect Path: Library/
[Physics::Module] Selected backend.
[Physics::Module] Name: PhysX
[Physics::Module] Id: 0xf2b8ea05
[Physics::Module] SDK Version: 4.1.2
[Physics::Module] Integration Version: 1.0.0
[Physics::Module] Threading Mode: Multi-Threaded
Refreshing native plugins compatible for Editor in 0.23 ms, found 0 plugins.
Preloading 0 native plugins for Editor in 0.00 ms.
Initialize engine version: 6000.2.8f1 (c9992ac36c34)
[Subsystems] Discovering subsystems at path C:/Program Files/Unity/Hub/Editor/6000.2.8f1-x86_64/Editor/Data/Resources/UnitySubsystems
[Subsystems] Discovering subsystems at path C:/훈련생폴더/3. 유니티/SandGuard-Origin-of-Djinn/Assets
GfxDevice: creating device client; kGfxThreadingModeNonThreaded
Direct3D:
    Version:  Direct3D 11.0 [level 11.1]
    Renderer: NVIDIA GeForce RTX 4060 Laptop GPU (ID=0x28a0)
    Vendor:   NVIDIA
    VRAM:     7956 MB
    Driver:   32.0.16.1078
Initialize mono
Mono path[0] = 'C:/Program Files/Unity/Hub/Editor/6000.2.8f1-x86_64/Editor/Data/Managed'
Mono path[1] = 'C:/Program Files/Unity/Hub/Editor/6000.2.8f1-x86_64/Editor/Data/MonoBleedingEdge/lib/mono/unityjit-win32'
Mono config path = 'C:/Program Files/Unity/Hub/Editor/6000.2.8f1-x86_64/Editor/Data/MonoBleedingEdge/etc'
Using monoOptions --debugger-agent=transport=dt_socket,embedding=1,server=y,suspend=n,address=127.0.0.1:56020
Using cacheserver namespaces - metadata:defaultmetadata, artifacts:defaultartifacts
Using cacheserver namespaces - metadata:defaultmetadata, artifacts:defaultartifacts
ImportWorker Server TCP listen port: 0
AcceleratorClientConnectionCallback - disconnected - :0
Begin MonoManager ReloadAssembly
Registering precompiled unity dll's ...
Register platform support module: C:/Program Files/Unity/Hub/Editor/6000.2.8f1-x86_64/Editor/Data/PlaybackEngines/WebGLSupport/UnityEditor.WebGL.Extensions.dll
Register platform support module: C:/Program Files/Unity/Hub/Editor/6000.2.8f1-x86_64/Editor/Data/PlaybackEngines/WindowsStandaloneSupport/UnityEditor.WindowsStandalone.Extensions.dll
[Licensing::Client] Successfully resolved entitlement details
Register platform support module: C:/Program Files/Unity/Hub/Editor/6000.2.8f1-x86_64/Editor/Data/PlaybackEngines/AndroidPlayer/UnityEditor.Android.Extensions.dll
[Licensing::Client] Successfully resolved entitlement details
Register platform support module: C:/Program Files/Unity/Hub/Editor/6000.2.8f1-x86_64/Editor/Data/PlaybackEngines/iOSSupport/UnityEditor.iOS.Extensions.dll
Registered in 0.007116 seconds.
- Loaded All Assemblies, in  0.357 seconds
Native extension for iOS target not found
Native extension for Android target not found
Android Extension - Scanning For ADB Devices 218 ms
Native extension for WindowsStandalone target not found
Native extension for WebGL target not found
Mono: successfully reloaded assembly
- Finished resetting the current domain, in  0.553 seconds
Domain Reload Profiling: 908ms
	BeginReloadAssembly (106ms)
		ExecutionOrderSort (0ms)
		DisableScriptedObjects (0ms)
		BackupInstance (0ms)
		ReleaseScriptingObjects (0ms)
		CreateAndSetChildDomain (1ms)
	RebuildCommonClasses (30ms)
	RebuildNativeTypeToScriptingClass (10ms)
	initialDomainReloadingComplete (45ms)
	LoadAllAssembliesAndSetupDomain (163ms)
		LoadAssemblies (104ms)
		RebuildTransferFunctionScriptingTraits (0ms)
		AnalyzeDomain (160ms)
			TypeCache.Refresh (158ms)
				TypeCache.ScanAssembly (148ms)
			BuildScriptInfoCaches (0ms)
			ResolveRequiredComponents (1ms)
	FinalizeReload (554ms)
		ReleaseScriptCaches (0ms)
		RebuildScriptCaches (0ms)
		SetupLoadedEditorAssemblies (526ms)
			LogAssemblyErrors (0ms)
			InitializePlatformSupportModulesInManaged (331ms)
			SetLoadedEditorAssemblies (3ms)
			BeforeProcessingInitializeOnLoad (56ms)
			ProcessInitializeOnLoadAttributes (91ms)
			ProcessInitializeOnLoadMethodAttributes (45ms)
			AfterProcessingInitializeOnLoad (0ms)
			EditorAssembliesLoaded (0ms)
		ExecutionOrderSort2 (0ms)
		AwakeInstancesAfterBackupRestoration (0ms)
[Licensing::Client] Successfully resolved entitlement details
Application.AssetDatabase Initial Refresh Start
Package Manager log level set to [2]
[Package Manager] Restoring resolved packages state from cache
[Licensing::Client] Successfully resolved entitlement details
[Package Manager] Registered 59 packages:
  Packages from [https://packages.unity.com]:
    com.unity.ai.navigation@2.0.9 (location: C:\훈련생폴더\3. 유니티\SandGuard-Origin-of-Djinn\Library\PackageCache\com.unity.ai.navigation@5218e4bf7edc)
    com.unity.collab-proxy@2.9.3 (location: C:\훈련생폴더\3. 유니티\SandGuard-Origin-of-Djinn\Library\PackageCache\com.unity.collab-proxy@ab839cc7d2ad)
    com.unity.ide.rider@3.0.38 (location: C:\훈련생폴더\3. 유니티\SandGuard-Origin-of-Djinn\Library\PackageCache\com.unity.ide.rider@1f60b3138684)
    com.unity.ide.visualstudio@2.0.23 (location: C:\훈련생폴더\3. 유니티\SandGuard-Origin-of-Djinn\Library\PackageCache\com.unity.ide.visualstudio@198cdf337d13)
    com.unity.inputsystem@1.14.2 (location: C:\훈련생폴더\3. 유니티\SandGuard-Origin-of-Djinn\Library\PackageCache\com.unity.inputsystem@be6c4fd0abf5)
    com.unity.pipeline@0.6.0-exp.1 (location: C:\훈련생폴더\3. 유니티\SandGuard-Origin-of-Djinn\Library\PackageCache\com.unity.pipeline@9bb4172c603c)
    com.unity.timeline@1.8.9 (location: C:\훈련생폴더\3. 유니티\SandGuard-Origin-of-Djinn\Library\PackageCache\com.unity.timeline@6b9e48457ddb)
    com.unity.visualscripting@1.9.7 (location: C:\훈련생폴더\3. 유니티\SandGuard-Origin-of-Djinn\Library\PackageCache\com.unity.visualscripting@6279e2b7c485)
    com.unity.nuget.mono-cecil@1.11.6 (location: C:\훈련생폴더\3. 유니티\SandGuard-Origin-of-Djinn\Library\PackageCache\com.unity.nuget.mono-cecil@ecb9724e46ff)
    com.unity.nuget.newtonsoft-json@3.2.1 (location: C:\훈련생폴더\3. 유니티\SandGuard-Origin-of-Djinn\Library\PackageCache\com.unity.nuget.newtonsoft-json@74deb55db2a0)
    com.unity.searcher@4.9.3 (location: C:\훈련생폴더\3. 유니티\SandGuard-Origin-of-Djinn\Library\PackageCache\com.unity.searcher@1e17ce91558d)
    com.unity.burst@1.8.25 (location: C:\훈련생폴더\3. 유니티\SandGuard-Origin-of-Djinn\Library\PackageCache\com.unity.burst@1df634d836b8)
    com.unity.mathematics@1.3.2 (location: C:\훈련생폴더\3. 유니티\SandGuard-Origin-of-Djinn\Library\PackageCache\com.unity.mathematics@8017b507cc74)
    com.unity.collections@2.5.7 (location: C:\훈련생폴더\3. 유니티\SandGuard-Origin-of-Djinn\Library\PackageCache\com.unity.collections@d49facba0036)
    com.unity.test-framework.performance@3.2.0 (location: C:\훈련생폴더\3. 유니티\SandGuard-Origin-of-Djinn\Library\PackageCache\com.unity.test-framework.performance@0840f58e4562)
  Built-in packages:
    com.unity.2d.sprite@1.0.0 (location: C:\훈련생폴더\3. 유니티\SandGuard-Origin-of-Djinn\Library\PackageCache\com.unity.2d.sprite@331abd9a1e2f)
    com.unity.multiplayer.center@1.0.0 (location: C:\훈련생폴더\3. 유니티\SandGuard-Origin-of-Djinn\Library\PackageCache\com.unity.multiplayer.center@f3fb577b3546)
    com.unity.render-pipelines.universal@17.2.0 (location: C:\훈련생폴더\3. 유니티\SandGuard-Origin-of-Djinn\Library\PackageCache\com.unity.render-pipelines.universal@cc5029882822)
    com.unity.test-framework@1.6.0 (location: C:\훈련생폴더\3. 유니티\SandGuard-Origin-of-Djinn\Library\PackageCache\com.unity.test-framework@d97b7cd61ded)
    com.unity.ugui@2.0.0 (location: C:\훈련생폴더\3. 유니티\SandGuard-Origin-of-Djinn\Library\PackageCache\com.unity.ugui@8d7885e629a4)
    com.unity.modules.accessibility@1.0.0 (location: C:\Program Files\Unity\Hub\Editor\6000.2.8f1-x86_64\Editor\Data\Resources\PackageManager\BuiltInPackages\com.unity.modules.accessibility)
    com.unity.modules.ai@1.0.0 (location: C:\Program Files\Unity\Hub\Editor\6000.2.8f1-x86_64\Editor\Data\Resources\PackageManager\BuiltInPackages\com.unity.modules.ai)
    com.unity.modules.androidjni@1.0.0 (location: C:\Program Files\Unity\Hub\Editor\6000.2.8f1-x86_64\Editor\Data\Resources\PackageManager\BuiltInPackages\com.unity.modules.androidjni)
    com.unity.modules.animation@1.0.0 (location: C:\Program Files\Unity\Hub\Editor\6000.2.8f1-x86_64\Editor\Data\Resources\PackageManager\BuiltInPackages\com.unity.modules.animation)
    com.unity.modules.assetbundle@1.0.0 (location: C:\Program Files\Unity\Hub\Editor\6000.2.8f1-x86_64\Editor\Data\Resources\PackageManager\BuiltInPackages\com.unity.modules.assetbundle)
    com.unity.modules.audio@1.0.0 (location: C:\Program Files\Unity\Hub\Editor\6000.2.8f1-x86_64\Editor\Data\Resources\PackageManager\BuiltInPackages\com.unity.modules.audio)
    com.unity.modules.cloth@1.0.0 (location: C:\Program Files\Unity\Hub\Editor\6000.2.8f1-x86_64\Editor\Data\Resources\PackageManager\BuiltInPackages\com.unity.modules.cloth)
    com.unity.modules.director@1.0.0 (location: C:\Program Files\Unity\Hub\Editor\6000.2.8f1-x86_64\Editor\Data\Resources\PackageManager\BuiltInPackages\com.unity.modules.director)
    com.unity.modules.imageconversion@1.0.0 (location: C:\Program Files\Unity\Hub\Editor\6000.2.8f1-x86_64\Editor\Data\Resources\PackageManager\BuiltInPackages\com.unity.modules.imageconversion)
    com.unity.modules.imgui@1.0.0 (location: C:\Program Files\Unity\Hub\Editor\6000.2.8f1-x86_64\Editor\Data\Resources\PackageManager\BuiltInPackages\com.unity.modules.imgui)
    com.unity.modules.jsonserialize@1.0.0 (location: C:\Program Files\Unity\Hub\Editor\6000.2.8f1-x86_64\Editor\Data\Resources\PackageManager\BuiltInPackages\com.unity.modules.jsonserialize)
    com.unity.modules.particlesystem@1.0.0 (location: C:\Program Files\Unity\Hub\Editor\6000.2.8f1-x86_64\Editor\Data\Resources\PackageManager\BuiltInPackages\com.unity.modules.particlesystem)
    com.unity.modules.physics@1.0.0 (location: C:\Program Files\Unity\Hub\Editor\6000.2.8f1-x86_64\Editor\Data\Resources\PackageManager\BuiltInPackages\com.unity.modules.physics)
    com.unity.modules.physics2d@1.0.0 (location: C:\Program Files\Unity\Hub\Editor\6000.2.8f1-x86_64\Editor\Data\Resources\PackageManager\BuiltInPackages\com.unity.modules.physics2d)
    com.unity.modules.screencapture@1.0.0 (location: C:\Program Files\Unity\Hub\Editor\6000.2.8f1-x86_64\Editor\Data\Resources\PackageManager\BuiltInPackages\com.unity.modules.screencapture)
    com.unity.modules.terrain@1.0.0 (location: C:\Program Files\Unity\Hub\Editor\6000.2.8f1-x86_64\Editor\Data\Resources\PackageManager\BuiltInPackages\com.unity.modules.terrain)
    com.unity.modules.terrainphysics@1.0.0 (location: C:\Program Files\Unity\Hub\Editor\6000.2.8f1-x86_64\Editor\Data\Resources\PackageManager\BuiltInPackages\com.unity.modules.terrainphysics)
    com.unity.modules.tilemap@1.0.0 (location: C:\Program Files\Unity\Hub\Editor\6000.2.8f1-x86_64\Editor\Data\Resources\PackageManager\BuiltInPackages\com.unity.modules.tilemap)
    com.unity.modules.ui@1.0.0 (location: C:\Program Files\Unity\Hub\Editor\6000.2.8f1-x86_64\Editor\Data\Resources\PackageManager\BuiltInPackages\com.unity.modules.ui)
    com.unity.modules.uielements@1.0.0 (location: C:\Program Files\Unity\Hub\Editor\6000.2.8f1-x86_64\Editor\Data\Resources\PackageManager\BuiltInPackages\com.unity.modules.uielements)
    com.unity.modules.umbra@1.0.0 (location: C:\Program Files\Unity\Hub\Editor\6000.2.8f1-x86_64\Editor\Data\Resources\PackageManager\BuiltInPackages\com.unity.modules.umbra)
    com.unity.modules.unityanalytics@1.0.0 (location: C:\Program Files\Unity\Hub\Editor\6000.2.8f1-x86_64\Editor\Data\Resources\PackageManager\BuiltInPackages\com.unity.modules.unityanalytics)
    com.unity.modules.unitywebrequest@1.0.0 (location: C:\Program Files\Unity\Hub\Editor\6000.2.8f1-x86_64\Editor\Data\Resources\PackageManager\BuiltInPackages\com.unity.modules.unitywebrequest)
    com.unity.modules.unitywebrequestassetbundle@1.0.0 (location: C:\Program Files\Unity\Hub\Editor\6000.2.8f1-x86_64\Editor\Data\Resources\PackageManager\BuiltInPackages\com.unity.modules.unitywebrequestassetbundle)
    com.unity.modules.unitywebrequestaudio@1.0.0 (location: C:\Program Files\Unity\Hub\Editor\6000.2.8f1-x86_64\Editor\Data\Resources\PackageManager\BuiltInPackages\com.unity.modules.unitywebrequestaudio)
    com.unity.modules.unitywebrequesttexture@1.0.0 (location: C:\Program Files\Unity\Hub\Editor\6000.2.8f1-x86_64\Editor\Data\Resources\PackageManager\BuiltInPackages\com.unity.modules.unitywebrequesttexture)
    com.unity.modules.unitywebrequestwww@1.0.0 (location: C:\Program Files\Unity\Hub\Editor\6000.2.8f1-x86_64\Editor\Data\Resources\PackageManager\BuiltInPackages\com.unity.modules.unitywebrequestwww)
    com.unity.modules.vehicles@1.0.0 (location: C:\Program Files\Unity\Hub\Editor\6000.2.8f1-x86_64\Editor\Data\Resources\PackageManager\BuiltInPackages\com.unity.modules.vehicles)
    com.unity.modules.video@1.0.0 (location: C:\Program Files\Unity\Hub\Editor\6000.2.8f1-x86_64\Editor\Data\Resources\PackageManager\BuiltInPackages\com.unity.modules.video)
    com.unity.modules.vr@1.0.0 (location: C:\Program Files\Unity\Hub\Editor\6000.2.8f1-x86_64\Editor\Data\Resources\PackageManager\BuiltInPackages\com.unity.modules.vr)
    com.unity.modules.wind@1.0.0 (location: C:\Program Files\Unity\Hub\Editor\6000.2.8f1-x86_64\Editor\Data\Resources\PackageManager\BuiltInPackages\com.unity.modules.wind)
    com.unity.modules.xr@1.0.0 (location: C:\Program Files\Unity\Hub\Editor\6000.2.8f1-x86_64\Editor\Data\Resources\PackageManager\BuiltInPackages\com.unity.modules.xr)
    com.unity.modules.subsystems@1.0.0 (location: C:\Program Files\Unity\Hub\Editor\6000.2.8f1-x86_64\Editor\Data\Resources\PackageManager\BuiltInPackages\com.unity.modules.subsystems)
    com.unity.modules.hierarchycore@1.0.0 (location: C:\Program Files\Unity\Hub\Editor\6000.2.8f1-x86_64\Editor\Data\Resources\PackageManager\BuiltInPackages\com.unity.modules.hierarchycore)
    com.unity.ext.nunit@2.0.5 (location: C:\훈련생폴더\3. 유니티\SandGuard-Origin-of-Djinn\Library\PackageCache\com.unity.ext.nunit@031a54704bff)
    com.unity.render-pipelines.core@17.2.0 (location: C:\훈련생폴더\3. 유니티\SandGuard-Origin-of-Djinn\Library\PackageCache\com.unity.render-pipelines.core@60896ea171dc)
    com.unity.shadergraph@17.2.0 (location: C:\훈련생폴더\3. 유니티\SandGuard-Origin-of-Djinn\Library\PackageCache\com.unity.shadergraph@2c9221ffedf4)
    com.unity.render-pipelines.universal-config@17.0.3 (location: C:\훈련생폴더\3. 유니티\SandGuard-Origin-of-Djinn\Library\PackageCache\com.unity.render-pipelines.universal-config@8dc1aab4af1d)
    com.unity.rendering.light-transport@1.0.1 (location: C:\훈련생폴더\3. 유니티\SandGuard-Origin-of-Djinn\Library\PackageCache\com.unity.rendering.light-transport@2c9279f90d7c)
[Subsystems] No new subsystems found in resolved package list.
[Package Manager] Done registering packages in 0.03 seconds
[ScriptCompilation] Requested script compilation because: Assetdatabase observed changes in script compilation related files
Duplicate assembly 'System.Runtime.CompilerServices.Unsafe.dll' with different versions detected, using 'Packages/com.unity.collections/Unity.Collections.Tests/System.Runtime.CompilerServices.Unsafe/System.Runtime.CompilerServices.Unsafe.dll, AssemblyName=System.Runtime.CompilerServices.Unsafe, Version=6.0.0.0, Culture=neutral, PublicKeyToken=b03f5f7f11d50a3a' and ignoring 'Packages/com.unity.pipeline/Runtime/Plugins/CodeAnalysis/System.Runtime.CompilerServices.Unsafe.dll, AssemblyName=System.Runtime.CompilerServices.Unsafe, Version=4.0.4.0, Culture=neutral, PublicKeyToken=b03f5f7f11d50a3a'.Starting: C:\Program Files\Unity\Hub\Editor\6000.2.8f1-x86_64\Editor\Data\bee_backend.exe --ipc --defer-dag-verification --dagfile="Library/Bee/1900b0aE.dag" --continue-on-failure --profile="Library/Bee/backend1.traceevents" ScriptAssemblies
WorkingDir: C:/훈련생폴더/3. 유니티/SandGuard-Origin-of-Djinn
DisplayProgressbar: Compiling Scripts
ExitCode: 0 Duration: 5s988ms
[ 975/1283  0s] ILPP-Configuration Library/ilpp-configuration.nevergeneratedoutput
[1279/1283  2s] Csc Library/Bee/artifacts/1900b0aE.dag/Assembly-CSharp-Editor.dll (+2 others)
Assets\Cutscenes\Editor\StoryMenuBuilder.cs(156,13): warning CS0618: 'TMP_Text.enableWordWrapping' is obsolete: 'The enabledWordWrapping property is now obsolete. Please use the textWrappingMode property instead.'

Assets\3.Script\UI\HUD\Editor\HUDSceneBuilder.cs(100,392): warning CS0618: 'TMP_Text.enableWordWrapping' is obsolete: 'The enabledWordWrapping property is now obsolete. Please use the textWrappingMode property instead.'
[1280/1283  0s] ILPostProcess Library/Bee/artifacts/1900b0aE.dag/post-processed/Assembly-CSharp-Editor.dll (+pdb)
Processing assembly Library/Bee/artifacts/1900b0aE.dag/Assembly-CSharp-Editor.dll, with 131 defines and 375 references

processors: Unity.Jobs.CodeGen.JobsILPostProcessor, Unity.Pipeline.CodeGen.HotReloadInPlaceILPostProcessor, zzzUnity.Burst.CodeGen.BurstILPostProcessor

running Unity.Jobs.CodeGen.JobsILPostProcessor

running Unity.Pipeline.CodeGen.HotReloadInPlaceILPostProcessor

running zzzUnity.Burst.CodeGen.BurstILPostProcessor
[1281/1283  0s] CopyFiles Library/ScriptAssemblies/Assembly-CSharp-Editor.pdb
[1282/1283  0s] CopyFiles Library/ScriptAssemblies/Assembly-CSharp-Editor.dll
*** Tundra build success (5.96 seconds), 5 items updated, 1283 evaluated
Assets\Cutscenes\Editor\StoryMenuBuilder.cs(156,13): warning CS0618: 'TMP_Text.enableWordWrapping' is obsolete: 'The enabledWordWrapping property is now obsolete. Please use the textWrappingMode property instead.'
Assets\3.Script\UI\HUD\Editor\HUDSceneBuilder.cs(100,392): warning CS0618: 'TMP_Text.enableWordWrapping' is obsolete: 'The enabledWordWrapping property is now obsolete. Please use the textWrappingMode property instead.'
AssetDatabase: script compilation time: 6.402018s
Begin MonoManager ReloadAssembly
Duplicate assembly 'System.Runtime.CompilerServices.Unsafe.dll' with different versions detected, using 'Packages/com.unity.collections/Unity.Collections.Tests/System.Runtime.CompilerServices.Unsafe/System.Runtime.CompilerServices.Unsafe.dll, AssemblyName=System.Runtime.CompilerServices.Unsafe, Version=6.0.0.0, Culture=neutral, PublicKeyToken=b03f5f7f11d50a3a' and ignoring 'Packages/com.unity.pipeline/Runtime/Plugins/CodeAnalysis/System.Runtime.CompilerServices.Unsafe.dll, AssemblyName=System.Runtime.CompilerServices.Unsafe, Version=4.0.4.0, Culture=neutral, PublicKeyToken=b03f5f7f11d50a3a'.- Loaded All Assemblies, in  2.764 seconds
Refreshing native plugins compatible for Editor in 1.71 ms, found 3 plugins.
Native extension for iOS target not found
Native extension for Android target not found
Native extension for WindowsStandalone target not found
Native extension for WebGL target not found
Duplicate assembly 'System.Runtime.CompilerServices.Unsafe.dll' with different versions detected, using 'Packages/com.unity.collections/Unity.Collections.Tests/System.Runtime.CompilerServices.Unsafe/System.Runtime.CompilerServices.Unsafe.dll, AssemblyName=System.Runtime.CompilerServices.Unsafe, Version=6.0.0.0, Culture=neutral, PublicKeyToken=b03f5f7f11d50a3a' and ignoring 'Packages/com.unity.pipeline/Runtime/Plugins/CodeAnalysis/System.Runtime.CompilerServices.Unsafe.dll, AssemblyName=System.Runtime.CompilerServices.Unsafe, Version=4.0.4.0, Culture=neutral, PublicKeyToken=b03f5f7f11d50a3a'.Start HTTP server: port:7800
Mono: successfully reloaded assembly
- Finished resetting the current domain, in  3.184 seconds
Domain Reload Profiling: 5943ms
	BeginReloadAssembly (269ms)
		ExecutionOrderSort (0ms)
		DisableScriptedObjects (10ms)
		BackupInstance (0ms)
		ReleaseScriptingObjects (0ms)
		CreateAndSetChildDomain (137ms)
	RebuildCommonClasses (30ms)
	RebuildNativeTypeToScriptingClass (9ms)
	initialDomainReloadingComplete (28ms)
	LoadAllAssembliesAndSetupDomain (2423ms)
		LoadAssemblies (2200ms)
		RebuildTransferFunctionScriptingTraits (0ms)
		AnalyzeDomain (306ms)
			TypeCache.Refresh (241ms)
				TypeCache.ScanAssembly (225ms)
			BuildScriptInfoCaches (50ms)
			ResolveRequiredComponents (10ms)
	FinalizeReload (3184ms)
		ReleaseScriptCaches (0ms)
		RebuildScriptCaches (0ms)
		SetupLoadedEditorAssemblies (3002ms)
			LogAssemblyErrors (0ms)
			InitializePlatformSupportModulesInManaged (44ms)
			SetLoadedEditorAssemblies (4ms)
			BeforeProcessingInitializeOnLoad (125ms)
			ProcessInitializeOnLoadAttributes (2777ms)
			ProcessInitializeOnLoadMethodAttributes (47ms)
			AfterProcessingInitializeOnLoad (5ms)
			EditorAssembliesLoaded (0ms)
		ExecutionOrderSort2 (0ms)
		AwakeInstancesAfterBackupRestoration (8ms)
Refreshing native plugins compatible for Editor in 0.85 ms, found 3 plugins.
Preloading 0 native plugins for Editor in 0.00 ms.
Asset Pipeline Refresh (id=0a00e538068678e4da5a67d397018034): Total: 13.141 seconds - Initiated by InitialRefreshV2(ForceSynchronousImport)
	Summary:
		Imports: total=0 (actual=0, local cache=0, cache server=0)
		Asset DB Process Time: managed=0 ms, native=3581 ms
		Asset DB Callback time: managed=299 ms, native=38 ms
		Scripting: domain reloads=1, domain reload time=2765 ms, compile time=6403 ms, other=53 ms
		Project Asset Count: scripts=1711, non-scripts=4819
		Asset File Changes: new=0, changed=1, moved=0, deleted=0
		Scan Filter Count: 0
	InvokeCustomDependenciesCallbacks: 0.001ms
	InvokePackagesCallback: 35.219ms
	ApplyChangesToAssetFolders: 0.538ms
	Scan: 89.072ms
	OnSourceAssetsModified: 0.779ms
	CategorizeAssetsWithTransientArtifact: 44.564ms
	ProcessAssetsWithTransientArtifactChanges: 70.788ms
	CategorizeAssets: 58.844ms
	ImportOutOfDateAssets: 3195.720ms (-3210.528ms without children)
		CompileScripts: 6403.311ms
		ReloadNativeAssets: 0.025ms
		UnloadImportedAssets: 0.815ms
		EnsureUptoDateAssetsAreRegisteredWithGuidPM: 1.163ms
		InitializingProgressBar: 0.000ms
		PostProcessAllAssetNotificationsAddChangedAssets: 0.001ms
		OnDemandSchedulerStart: 0.934ms
	PostProcessAllAssets: 301.043ms
	Hotreload: 2.047ms
	GatherAllCurrentPrimaryArtifactRevisions: 0.002ms
	UnloadStreamsBegin: 2.186ms
	PersistCurrentRevisions: 0.228ms
	UnloadStreamsEnd: 0.002ms
	GenerateScriptTypeHashes: 3.917ms
	Untracked: 9340.090ms

Application.AssetDatabase Initial Refresh End
Launched and connected shader compiler UnityShaderCompiler.exe after 0.01 seconds
Scanning for USB devices : 3.352ms
Initializing Unity extensions:
[MODES] ModeService[none].Initialize
[MODES] ModeService[none].LoadModes
[MODES] Loading mode Default (0) for mode-current-id-DesertTower
Unloading 17 Unused Serialized files (Serialized files now loaded: 0)
Unloading 7011 unused Assets / (4.9 MB). Loaded Objects now: 7771.
Memory consumption went from 224.6 MB to 219.7 MB.
Total: 9.776600 ms (FindLiveObjects: 0.388300 ms CreateObjectMapping: 0.284400 ms MarkObjects: 6.911800 ms  DeleteObjects: 2.186800 ms)

Start importing Assets/Cutscenes/Art/Intro1.png using Guid(97976c1e07e99c54aa351bc045c2188d) (TextureImporter) -> (artifact id: '160894cb9e7c1245a1159747aca70fde') in 0.0881207 seconds
Refreshing native plugins compatible for Editor in 0.87 ms, found 3 plugins.
Preloading 0 native plugins for Editor in 0.00 ms.
Asset Pipeline Refresh (id=d9ebb5d76fd762a4bbb86969360599ca): Total: 0.172 seconds - Initiated by StopAssetImportingV2(NoUpdateAssetOptions)
Start importing Assets/Cutscenes/Art/Intro1.png using Guid(97976c1e07e99c54aa351bc045c2188d) (TextureImporter) -> (artifact id: '160894cb9e7c1245a1159747aca70fde') in 0.0719462 seconds
Refreshing native plugins compatible for Editor in 0.93 ms, found 3 plugins.
Preloading 0 native plugins for Editor in 0.00 ms.
Asset Pipeline Refresh (id=3f0eadcbd3382484e93fae8b625a8bc3): Total: 0.086 seconds - Initiated by StopAssetImportingV2(NoUpdateAssetOptions)
Start importing Assets/Cutscenes/Art/Intro2.png using Guid(55d0e1dabd39a08479b99b171f943e62) (TextureImporter) -> (artifact id: '13a7743e82ff087b5ffc0149f9c52fe1') in 0.0724952 seconds
Refreshing native plugins compatible for Editor in 0.73 ms, found 3 plugins.
Preloading 0 native plugins for Editor in 0.00 ms.
Asset Pipeline Refresh (id=baea3d5d54dfddb4e8ab207daffc4fd1): Total: 0.086 seconds - Initiated by StopAssetImportingV2(NoUpdateAssetOptions)
Start importing Assets/Cutscenes/Art/Intro2.png using Guid(55d0e1dabd39a08479b99b171f943e62) (TextureImporter) -> (artifact id: '13a7743e82ff087b5ffc0149f9c52fe1') in 0.0723641 seconds
Refreshing native plugins compatible for Editor in 0.92 ms, found 3 plugins.
Preloading 0 native plugins for Editor in 0.00 ms.
Asset Pipeline Refresh (id=83e268c862a64224a9507ed1e57b4bbc): Total: 0.087 seconds - Initiated by StopAssetImportingV2(NoUpdateAssetOptions)
Start importing Assets/Cutscenes/Art/Intro3.png using Guid(2eea34ee020f2874995b5ceeeefd8d68) (TextureImporter) -> (artifact id: '56e8a61bb8209fa2888300cea4ad5373') in 0.0713301 seconds
Refreshing native plugins compatible for Editor in 0.91 ms, found 3 plugins.
Preloading 0 native plugins for Editor in 0.00 ms.
Asset Pipeline Refresh (id=e6ccdc341f59378429786b1ba0967bb4): Total: 0.085 seconds - Initiated by StopAssetImportingV2(NoUpdateAssetOptions)
Start importing Assets/Cutscenes/Art/Intro3.png using Guid(2eea34ee020f2874995b5ceeeefd8d68) (TextureImporter) -> (artifact id: '56e8a61bb8209fa2888300cea4ad5373') in 0.0701556 seconds
Refreshing native plugins compatible for Editor in 0.78 ms, found 3 plugins.
Preloading 0 native plugins for Editor in 0.00 ms.
Asset Pipeline Refresh (id=f7a4399541c3a074caeabed98f1830d1): Total: 0.084 seconds - Initiated by StopAssetImportingV2(NoUpdateAssetOptions)
Start importing Assets/Cutscenes/Art/Intro4.png using Guid(04957b6e9c1f10546a30d52dcd4c1df2) (TextureImporter) -> (artifact id: 'aededf0884ef64ecb501738e5a5f2cbb') in 0.0711558 seconds
Refreshing native plugins compatible for Editor in 0.78 ms, found 3 plugins.
Preloading 0 native plugins for Editor in 0.00 ms.
Asset Pipeline Refresh (id=d333e6c202a0bd243a9088692b4980af): Total: 0.084 seconds - Initiated by StopAssetImportingV2(NoUpdateAssetOptions)
Start importing Assets/Cutscenes/Art/Intro4.png using Guid(04957b6e9c1f10546a30d52dcd4c1df2) (TextureImporter) -> (artifact id: 'aededf0884ef64ecb501738e5a5f2cbb') in 0.0740229 seconds
Refreshing native plugins compatible for Editor in 1.02 ms, found 3 plugins.
Preloading 0 native plugins for Editor in 0.00 ms.
Asset Pipeline Refresh (id=f76f0d6a1061e86409be7dee77aed583): Total: 0.090 seconds - Initiated by StopAssetImportingV2(NoUpdateAssetOptions)
Start importing Assets/Cutscenes/Art/Intro5.png using Guid(ff5580a9bd5c768458eac16727979616) (TextureImporter) -> (artifact id: '8e174cf61808bd924702d9102d38b5c0') in 0.0718033 seconds
Refreshing native plugins compatible for Editor in 0.82 ms, found 3 plugins.
Preloading 0 native plugins for Editor in 0.00 ms.
Asset Pipeline Refresh (id=7177ff7ab7cb7b742b311f0bef37b35c): Total: 0.087 seconds - Initiated by StopAssetImportingV2(NoUpdateAssetOptions)
Start importing Assets/Cutscenes/Art/Intro5.png using Guid(ff5580a9bd5c768458eac16727979616) (TextureImporter) -> (artifact id: '8e174cf61808bd924702d9102d38b5c0') in 0.0708185 seconds
Refreshing native plugins compatible for Editor in 0.74 ms, found 3 plugins.
Preloading 0 native plugins for Editor in 0.00 ms.
Asset Pipeline Refresh (id=7abaab2be063d6942a9ca9248dd05617): Total: 0.085 seconds - Initiated by StopAssetImportingV2(NoUpdateAssetOptions)
Start importing Assets/Cutscenes/Art/Intro6.png using Guid(061fb82da7af3fc4493c55392faa9632) (TextureImporter) -> (artifact id: 'dd3bf9ec1e596b02ed9298ba5d27d607') in 0.0732771 seconds
Refreshing native plugins compatible for Editor in 0.77 ms, found 3 plugins.
Preloading 0 native plugins for Editor in 0.00 ms.
Asset Pipeline Refresh (id=0f61c5a94a8df2548b65353d4709672a): Total: 0.087 seconds - Initiated by StopAssetImportingV2(NoUpdateAssetOptions)
Start importing Assets/Cutscenes/Art/Intro6.png using Guid(061fb82da7af3fc4493c55392faa9632) (TextureImporter) -> (artifact id: 'dd3bf9ec1e596b02ed9298ba5d27d607') in 0.0723027 seconds
Refreshing native plugins compatible for Editor in 0.83 ms, found 3 plugins.
Preloading 0 native plugins for Editor in 0.00 ms.
Asset Pipeline Refresh (id=2ccef598ae47a524eac8957e58124fbf): Total: 0.086 seconds - Initiated by StopAssetImportingV2(NoUpdateAssetOptions)
Start importing Assets/Cutscenes/Art/Intro7.png using Guid(69ec5c5332c5848428f36561709b5bf2) (TextureImporter) -> (artifact id: 'b3473c350c1848ab5a822648aaa652f7') in 0.072238 seconds
Refreshing native plugins compatible for Editor in 0.71 ms, found 3 plugins.
Preloading 0 native plugins for Editor in 0.00 ms.
Asset Pipeline Refresh (id=f77ff74724977f44eb10e949c26bd694): Total: 0.086 seconds - Initiated by StopAssetImportingV2(NoUpdateAssetOptions)
Start importing Assets/Cutscenes/Art/Intro7.png using Guid(69ec5c5332c5848428f36561709b5bf2) (TextureImporter) -> (artifact id: 'b3473c350c1848ab5a822648aaa652f7') in 0.072104 seconds
Refreshing native plugins compatible for Editor in 0.82 ms, found 3 plugins.
Preloading 0 native plugins for Editor in 0.00 ms.
Asset Pipeline Refresh (id=ef1fb851b118b88419aeabdee3d2fdc9): Total: 0.088 seconds - Initiated by StopAssetImportingV2(NoUpdateAssetOptions)
Start importing Assets/Cutscenes/Art/CutScene_Pannel.png using Guid(e11227a46d492314c9bf818acd66efaa) (TextureImporter) -> (artifact id: '95f028445821e98a7cb0486c65e23dbb') in 0.0696272 seconds
Refreshing native plugins compatible for Editor in 0.74 ms, found 3 plugins.
Preloading 0 native plugins for Editor in 0.00 ms.
Asset Pipeline Refresh (id=737df33ab98bce244bad37c6089c229b): Total: 0.083 seconds - Initiated by StopAssetImportingV2(NoUpdateAssetOptions)
Start importing Assets/Cutscenes/Art/CutScene_Pannel.png using Guid(e11227a46d492314c9bf818acd66efaa) (TextureImporter) -> (artifact id: '95f028445821e98a7cb0486c65e23dbb') in 0.0662948 seconds
Refreshing native plugins compatible for Editor in 0.71 ms, found 3 plugins.
Preloading 0 native plugins for Editor in 0.00 ms.
Asset Pipeline Refresh (id=628a49acce6a69949bcb1dfbe03d06e6): Total: 0.080 seconds - Initiated by StopAssetImportingV2(NoUpdateAssetOptions)
Unloading 8 Unused Serialized files (Serialized files now loaded: 0)
Unloading 16 unused Assets / (18.6 KB). Loaded Objects now: 7798.
Memory consumption went from 232.0 MB to 232.0 MB.
Total: 7.409400 ms (FindLiveObjects: 0.276300 ms CreateObjectMapping: 0.160900 ms MarkObjects: 6.933000 ms  DeleteObjects: 0.038200 ms)

Start importing Assets/Cutscenes/IntroSequence.asset using Guid(aa8f9d344a525eb4d980dd0a44d99b72) (NativeFormatImporter) -> (artifact id: '74fb4e85ef80d2d3075ed305d3b145f1') in 0.0024244 seconds
Start importing Assets/9.Font/Cafe24Shiningstar-v2.0 SDF.asset using Guid(bb903d8fb8642004680fbd69a0261864) (NativeFormatImporter) -> (artifact id: 'bde0f6bd37aa1df2245babae1315643e') in 0.0129052 seconds
Refreshing native plugins compatible for Editor in 0.85 ms, found 3 plugins.
Preloading 0 native plugins for Editor in 0.00 ms.
Asset Pipeline Refresh (id=eda17086006ce6f4bbd67e794e9fd9ab): Total: 0.080 seconds - Initiated by StopAssetImportingV2(NoUpdateAssetOptions)
Start importing Assets/1.Scene/IntroCutscene.unity using Guid(9a2610c8f66cd534a909c50b06b122f8) (DefaultImporter) -> (artifact id: '713e8f53041d75e5c137bf6fcce10561') in 0.0010098 seconds
Refreshing native plugins compatible for Editor in 0.85 ms, found 3 plugins.
Preloading 0 native plugins for Editor in 0.00 ms.
Asset Pipeline Refresh (id=79b9bcaf618df184eb905193c8e79325): Total: 0.034 seconds - Initiated by StopAssetImportingV2(NoUpdateAssetOptions)
Opening scene 'Assets/1.Scene/MainScene.unity'
Unloading 48 Unused Serialized files (Serialized files now loaded: 0)
Loaded scene 'Assets/1.Scene/MainScene.unity'
	Deserialize:            62.107 ms
	Integration:            323.498 ms
	Integration of assets:  6.518 ms
	Thread Wait Time:       0.072 ms
	Total Operation Time:   392.195 ms
Unloading 56 unused Assets / (17.7 MB). Loaded Objects now: 8204.
Memory consumption went from 315.9 MB to 298.2 MB.
Total: 6.734400 ms (FindLiveObjects: 0.302200 ms CreateObjectMapping: 0.205100 ms MarkObjects: 5.983900 ms  DeleteObjects: 0.242000 ms)

Start importing Assets/1.Scene/MainScene.unity using Guid(be73bed252038034584ed729708435c9) (DefaultImporter) -> (artifact id: '869830fb5a5905650ed2e071a8ccd8de') in 0.0010792 seconds
Refreshing native plugins compatible for Editor in 0.67 ms, found 3 plugins.
Preloading 0 native plugins for Editor in 0.00 ms.
Asset Pipeline Refresh (id=5381e02b41fdd9b469edec833cbbd779): Total: 0.035 seconds - Initiated by StopAssetImportingV2(NoUpdateAssetOptions)
Intro cutscene scene and seven-cut sequence built: Assets/1.Scene/IntroCutscene.unity
UnityEngine.Debug:ExtractStackTraceNoAlloc (byte*,int,string)
UnityEngine.StackTraceUtility:ExtractStackTrace ()
UnityEngine.DebugLogHandler:Internal_Log (UnityEngine.LogType,UnityEngine.LogOption,string,UnityEngine.Object)
UnityEngine.DebugLogHandler:LogFormat (UnityEngine.LogType,UnityEngine.Object,string,object[])
UnityEngine.Logger:Log (UnityEngine.LogType,object)
UnityEngine.Debug:Log (object)
SandGuard.Cutscenes.Editor.IntroSceneBuilder:Build () (at Assets/Cutscenes/Editor/IntroSceneBuilder.cs:118)

(Filename: Assets/Cutscenes/Editor/IntroSceneBuilder.cs Line: 118)

Batchmode quit successfully invoked - shutting down!
Pipeline Server stopped
Clearing [Cafe24Shiningstar-v2.0 SDF] dynamic font asset data.
UnityEngine.Debug:ExtractStackTraceNoAlloc (byte*,int,string)
UnityEngine.StackTraceUtility:ExtractStackTrace ()
UnityEngine.DebugLogHandler:Internal_Log (UnityEngine.LogType,UnityEngine.LogOption,string,UnityEngine.Object)
UnityEngine.DebugLogHandler:LogFormat (UnityEngine.LogType,UnityEngine.Object,string,object[])
UnityEngine.Logger:Log (UnityEngine.LogType,object)
UnityEngine.Debug:Log (object)
TMPro.EditorEventCallbacks/<>c:<InitializeFontAssetResourceChangeCallBacks>b__0_0 () (at ./Library/PackageCache/com.unity.ugui@8d7885e629a4/Editor/TMP/TMP_EditorResourceManager.cs:36)
UnityEditor.EditorApplication:Internal_EditorApplicationQuit ()

(Filename: ./Library/PackageCache/com.unity.ugui@8d7885e629a4/Editor/TMP/TMP_EditorResourceManager.cs Line: 36)

Killing ADB server in 0.0433455 seconds.
Start importing Assets/9.Font/Cafe24Shiningstar-v2.0 SDF.asset using Guid(bb903d8fb8642004680fbd69a0261864) (NativeFormatImporter) -> (artifact id: 'ec62e33a6142e66fc927885a30d91b21') in 0.0020571 seconds
Refreshing native plugins compatible for Editor in 0.78 ms, found 3 plugins.
Preloading 0 native plugins for Editor in 0.00 ms.
Asset Pipeline Refresh (id=a3416de7353d67043bea17eda24050c6): Total: 0.036 seconds - Initiated by StopAssetImportingV2(NoUpdateAssetOptions)
[Physics::Module] Cleanup current backend.
[Physics::Module] Id: 0xf2b8ea05
Input System module state changed to: ShutdownInProgress.
Input System polling thread exited.
Input System module state changed to: Shutdown.
[Licensing::IpcConnector] LicenseClient-m-notifications channel disconnected successfully.
[Licensing::IpcConnector] LicenseClient-m channel disconnected successfully.
AcceleratorClientConnectionCallback - disconnected - :0
Cleanup mono
Exiting batchmode successfully now!
Exiting without the bug reporter. Application will terminate with return code 0