[Licensing::Module] Trying to connect to existing licensing client channel...
Built from '6000.2/respin/6000.2.8f1-e4064264ae96' branch; Version is '6000.2.8f1 (c9992ac36c34) revision 13211946'; Using compiler version '194234433'; Build Type 'Release'
[Licensing::IpcConnector] Successfully connected to: "LicenseClient-m" at "2026-09-21T02:21:23.9949225Z"
OS: 'Windows 11  (10.0.26200) 64bit Core' Language: 'ko' Physical Memory: 32469 MB
BatchMode: 1, IsHumanControllingUs: 0, StartBugReporterOnCrash: 0, Is64bit: 1
Date: 2026-09-21T02:21:23Z

COMMAND LINE ARGUMENTS:
C:\Program Files\Unity\Hub\Editor\6000.2.8f1-x86_64\Editor\Unity.exe
-batchmode
-quit
-projectPath
C:\훈련생폴더\3. 유니티\SandGuard-Origin-of-Djinn
-executeMethod
SandGuard.Cutscenes.Editor.StoryMenuTools.ReconnectStoryButton
-logFile
C:\훈련생폴더\3. 유니티\SandGuard-Origin-of-Djinn\story-reconnect.log
Successfully changed project path to: C:\훈련생폴더\3. 유니티\SandGuard-Origin-of-Djinn
C:/훈련생폴더/3. 유니티/SandGuard-Origin-of-Djinn
[UnityMemory] Configuration Parameters - Can be set up in boot.config
    "memorysetup-allocator-temp-initial-block-size-main=262144"
    "memorysetup-allocator-temp-initial-block-size-worker=262144"
    "memorysetup-bucket-allocator-granularity=16"
    "memorysetup-bucket-allocator-bucket-count=8"
    "memorysetup-bucket-allocator-block-size=33554432"
    "memorysetup-bucket-allocator-block-count=8"
    "memorysetup-main-allocator-block-size=16777216"
    "memorysetup-thread-allocator-block-size=16777216"
    "memorysetup-gfx-main-allocator-block-size=16777216"
    "memorysetup-gfx-thread-allocator-block-size=16777216"
    "memorysetup-cache-allocator-block-size=4194304"
    "memorysetup-typetree-allocator-block-size=2097152"
    "memorysetup-profiler-bucket-allocator-granularity=16"
    "memorysetup-profiler-bucket-allocator-bucket-count=8"
    "memorysetup-profiler-bucket-allocator-block-size=33554432"
    "memorysetup-profiler-bucket-allocator-block-count=8"
    "memorysetup-profiler-allocator-block-size=16777216"
    "memorysetup-profiler-editor-allocator-block-size=1048576"
    "memorysetup-temp-allocator-size-main=16777216"
    "memorysetup-job-temp-allocator-block-size=2097152"
    "memorysetup-job-temp-allocator-block-size-background=1048576"
    "memorysetup-job-temp-allocator-reduction-small-platforms=262144"
    "memorysetup-temp-allocator-size-background-worker=32768"
    "memorysetup-temp-allocator-size-job-worker=262144"
    "memorysetup-temp-allocator-size-preload-manager=33554432"
    "memorysetup-temp-allocator-size-nav-mesh-worker=65536"
    "memorysetup-temp-allocator-size-audio-worker=65536"
    "memorysetup-temp-allocator-size-cloud-worker=32768"
    "memorysetup-temp-allocator-size-gi-baking-worker=262144"
    "memorysetup-temp-allocator-size-gi-baking-worker=262144"
    "memorysetup-temp-allocator-size-gi-baking-worker=262144"
    "memorysetup-temp-allocator-size-gi-baking-worker=262144"
    "memorysetup-temp-allocator-size-gi-baking-worker=262144"
    "memorysetup-temp-allocator-size-gfx=262144"
Player connection [8456]  Target information:

Player connection [8456]  * "[IP] 192.168.1.47 [Port] 55504 [Flags] 2 [Guid] 2951834819 [EditorId] 2951834819 [Version] 1048832 [Id] WindowsEditor(7,DESKTOP-LKQ38HD) [Debug] 1 [PackageName] WindowsEditor [ProjectName] Editor" 

Player connection [8456] Host joined multi-casting on [225.0.0.222:54997]...
Player connection [8456] Host joined alternative multi-casting on [225.0.0.222:34997]...
Input System module state changed to: Initialized.
[Physics::Module] Initialized fallback backend.
[Physics::Module] Id: 0xdecafbad
[Licensing::Client] Code 10 while verifying Licensing Client signature (process Id: 436, path: "C:/Program Files/Unity Hub/UnityLicensingClient_V1/Unity.Licensing.Client.exe")
[Licensing::Module] LicensingClient has failed validation; ignoring
[Licensing::Client] Handshaking with LicensingClient:
  Version:                 1.17.4+4293ba1
  Session Id:              e92e0972ea70440a8ad6b95d332d7833
  Correlation Id:          e3643a1ac6a3745dd7d27aa264eaea45
  External correlation Id: 4536140883700661936
  Machine Id:              64RP13i/LTV/zT9b3edfwZJgXn0=
[Licensing::Module] Successfully connected to LicensingClient on channel: "LicenseClient-m" (connect: 0.00s, validation: 0.00s, handshake: 0.03s)
[Licensing::IpcConnector] Successfully connected to: "LicenseClient-m-notifications" at "2026-09-21T02:21:24.0310672Z"
[Licensing::Module] Error: Access token is unavailable; failed to update
[Licensing::Client] Successfully resolved entitlement details
[Licensing::Module] License group:
  Id: 14568846920955-UnityPersXXXX
  Product: Unity Personal
  Type: Assigned
  Expiration: Unlimited
[Licensing::Client] Successfully updated license, isAsync: True, time: 0.00
[Licensing::Client] Successfully resolved entitlement details
[Licensing::Module] Licensing Background thread has ended after 0.04s
[Package Manager] Connected to IPC stream "Upm-15684" after 0.2 seconds.
Library Redirect Path: Library/
[Physics::Module] Selected backend.
[Physics::Module] Name: PhysX
[Physics::Module] Id: 0xf2b8ea05
[Physics::Module] SDK Version: 4.1.2
[Physics::Module] Integration Version: 1.0.0
[Physics::Module] Threading Mode: Multi-Threaded
Refreshing native plugins compatible for Editor in 0.24 ms, found 0 plugins.
Preloading 0 native plugins for Editor in 0.00 ms.
Initialize engine version: 6000.2.8f1 (c9992ac36c34)
[Subsystems] Discovering subsystems at path C:/Program Files/Unity/Hub/Editor/6000.2.8f1-x86_64/Editor/Data/Resources/UnitySubsystems
[Subsystems] Discovering subsystems at path C:/훈련생폴더/3. 유니티/SandGuard-Origin-of-Djinn/Assets
GfxDevice: creating device client; kGfxThreadingModeNonThreaded
Direct3D:
    Version:  Direct3D 11.0 [level 11.1]
    Renderer: NVIDIA GeForce RTX 4060 Laptop GPU (ID=0x28a0)
    Vendor:   NVIDIA
    VRAM:     7956 MB
    Driver:   32.0.16.1078
Initialize mono
Mono path[0] = 'C:/Program Files/Unity/Hub/Editor/6000.2.8f1-x86_64/Editor/Data/Managed'
Mono path[1] = 'C:/Program Files/Unity/Hub/Editor/6000.2.8f1-x86_64/Editor/Data/MonoBleedingEdge/lib/mono/unityjit-win32'
Mono config path = 'C:/Program Files/Unity/Hub/Editor/6000.2.8f1-x86_64/Editor/Data/MonoBleedingEdge/etc'
Using monoOptions --debugger-agent=transport=dt_socket,embedding=1,server=y,suspend=n,address=127.0.0.1:56684
Using cacheserver namespaces - metadata:defaultmetadata, artifacts:defaultartifacts
Using cacheserver namespaces - metadata:defaultmetadata, artifacts:defaultartifacts
ImportWorker Server TCP listen port: 0
AcceleratorClientConnectionCallback - disconnected - :0
Begin MonoManager ReloadAssembly
Registering precompiled unity dll's ...
Register platform support module: C:/Program Files/Unity/Hub/Editor/6000.2.8f1-x86_64/Editor/Data/PlaybackEngines/WebGLSupport/UnityEditor.WebGL.Extensions.dll
Register platform support module: C:/Program Files/Unity/Hub/Editor/6000.2.8f1-x86_64/Editor/Data/PlaybackEngines/WindowsStandaloneSupport/UnityEditor.WindowsStandalone.Extensions.dll
[Licensing::Client] Successfully resolved entitlement details
Register platform support module: C:/Program Files/Unity/Hub/Editor/6000.2.8f1-x86_64/Editor/Data/PlaybackEngines/AndroidPlayer/UnityEditor.Android.Extensions.dll
[Licensing::Client] Successfully resolved entitlement details
Register platform support module: C:/Program Files/Unity/Hub/Editor/6000.2.8f1-x86_64/Editor/Data/PlaybackEngines/iOSSupport/UnityEditor.iOS.Extensions.dll
Registered in 0.005180 seconds.
- Loaded All Assemblies, in  0.310 seconds
Native extension for iOS target not found
Native extension for Android target not found
Android Extension - Scanning For ADB Devices 2177 ms
Native extension for WindowsStandalone target not found
Native extension for WebGL target not found
Mono: successfully reloaded assembly
- Finished resetting the current domain, in  2.487 seconds
Domain Reload Profiling: 2795ms
	BeginReloadAssembly (101ms)
		ExecutionOrderSort (0ms)
		DisableScriptedObjects (0ms)
		BackupInstance (0ms)
		ReleaseScriptingObjects (0ms)
		CreateAndSetChildDomain (1ms)
	RebuildCommonClasses (27ms)
	RebuildNativeTypeToScriptingClass (9ms)
	initialDomainReloadingComplete (44ms)
	LoadAllAssembliesAndSetupDomain (126ms)
		LoadAssemblies (99ms)
		RebuildTransferFunctionScriptingTraits (0ms)
		AnalyzeDomain (123ms)
			TypeCache.Refresh (122ms)
				TypeCache.ScanAssembly (112ms)
			BuildScriptInfoCaches (0ms)
			ResolveRequiredComponents (0ms)
	FinalizeReload (2488ms)
		ReleaseScriptCaches (0ms)
		RebuildScriptCaches (0ms)
		SetupLoadedEditorAssemblies (2461ms)
			LogAssemblyErrors (0ms)
			InitializePlatformSupportModulesInManaged (2285ms)
			SetLoadedEditorAssemblies (3ms)
			BeforeProcessingInitializeOnLoad (45ms)
			ProcessInitializeOnLoadAttributes (87ms)
			ProcessInitializeOnLoadMethodAttributes (41ms)
			AfterProcessingInitializeOnLoad (0ms)
			EditorAssembliesLoaded (0ms)
		ExecutionOrderSort2 (0ms)
		AwakeInstancesAfterBackupRestoration (0ms)
[Licensing::Client] Successfully resolved entitlement details
Application.AssetDatabase Initial Refresh Start
Package Manager log level set to [2]
[Package Manager] Restoring resolved packages state from cache
[Licensing::Client] Successfully resolved entitlement details
[Package Manager] Registered 59 packages:
  Packages from [https://packages.unity.com]:
    com.unity.ai.navigation@2.0.9 (location: C:\훈련생폴더\3. 유니티\SandGuard-Origin-of-Djinn\Library\PackageCache\com.unity.ai.navigation@5218e4bf7edc)
    com.unity.collab-proxy@2.9.3 (location: C:\훈련생폴더\3. 유니티\SandGuard-Origin-of-Djinn\Library\PackageCache\com.unity.collab-proxy@ab839cc7d2ad)
    com.unity.ide.rider@3.0.38 (location: C:\훈련생폴더\3. 유니티\SandGuard-Origin-of-Djinn\Library\PackageCache\com.unity.ide.rider@1f60b3138684)
    com.unity.ide.visualstudio@2.0.23 (location: C:\훈련생폴더\3. 유니티\SandGuard-Origin-of-Djinn\Library\PackageCache\com.unity.ide.visualstudio@198cdf337d13)
    com.unity.inputsystem@1.14.2 (location: C:\훈련생폴더\3. 유니티\SandGuard-Origin-of-Djinn\Library\PackageCache\com.unity.inputsystem@be6c4fd0abf5)
    com.unity.pipeline@0.6.0-exp.1 (location: C:\훈련생폴더\3. 유니티\SandGuard-Origin-of-Djinn\Library\PackageCache\com.unity.pipeline@9bb4172c603c)
    com.unity.timeline@1.8.9 (location: C:\훈련생폴더\3. 유니티\SandGuard-Origin-of-Djinn\Library\PackageCache\com.unity.timeline@6b9e48457ddb)
    com.unity.visualscripting@1.9.7 (location: C:\훈련생폴더\3. 유니티\SandGuard-Origin-of-Djinn\Library\PackageCache\com.unity.visualscripting@6279e2b7c485)
    com.unity.nuget.mono-cecil@1.11.6 (location: C:\훈련생폴더\3. 유니티\SandGuard-Origin-of-Djinn\Library\PackageCache\com.unity.nuget.mono-cecil@ecb9724e46ff)
    com.unity.nuget.newtonsoft-json@3.2.1 (location: C:\훈련생폴더\3. 유니티\SandGuard-Origin-of-Djinn\Library\PackageCache\com.unity.nuget.newtonsoft-json@74deb55db2a0)
    com.unity.searcher@4.9.3 (location: C:\훈련생폴더\3. 유니티\SandGuard-Origin-of-Djinn\Library\PackageCache\com.unity.searcher@1e17ce91558d)
    com.unity.burst@1.8.25 (location: C:\훈련생폴더\3. 유니티\SandGuard-Origin-of-Djinn\Library\PackageCache\com.unity.burst@1df634d836b8)
    com.unity.mathematics@1.3.2 (location: C:\훈련생폴더\3. 유니티\SandGuard-Origin-of-Djinn\Library\PackageCache\com.unity.mathematics@8017b507cc74)
    com.unity.collections@2.5.7 (location: C:\훈련생폴더\3. 유니티\SandGuard-Origin-of-Djinn\Library\PackageCache\com.unity.collections@d49facba0036)
    com.unity.test-framework.performance@3.2.0 (location: C:\훈련생폴더\3. 유니티\SandGuard-Origin-of-Djinn\Library\PackageCache\com.unity.test-framework.performance@0840f58e4562)
  Built-in packages:
    com.unity.2d.sprite@1.0.0 (location: C:\훈련생폴더\3. 유니티\SandGuard-Origin-of-Djinn\Library\PackageCache\com.unity.2d.sprite@331abd9a1e2f)
    com.unity.multiplayer.center@1.0.0 (location: C:\훈련생폴더\3. 유니티\SandGuard-Origin-of-Djinn\Library\PackageCache\com.unity.multiplayer.center@f3fb577b3546)
    com.unity.render-pipelines.universal@17.2.0 (location: C:\훈련생폴더\3. 유니티\SandGuard-Origin-of-Djinn\Library\PackageCache\com.unity.render-pipelines.universal@cc5029882822)
    com.unity.test-framework@1.6.0 (location: C:\훈련생폴더\3. 유니티\SandGuard-Origin-of-Djinn\Library\PackageCache\com.unity.test-framework@d97b7cd61ded)
    com.unity.ugui@2.0.0 (location: C:\훈련생폴더\3. 유니티\SandGuard-Origin-of-Djinn\Library\PackageCache\com.unity.ugui@8d7885e629a4)
    com.unity.modules.accessibility@1.0.0 (location: C:\Program Files\Unity\Hub\Editor\6000.2.8f1-x86_64\Editor\Data\Resources\PackageManager\BuiltInPackages\com.unity.modules.accessibility)
    com.unity.modules.ai@1.0.0 (location: C:\Program Files\Unity\Hub\Editor\6000.2.8f1-x86_64\Editor\Data\Resources\PackageManager\BuiltInPackages\com.unity.modules.ai)
    com.unity.modules.androidjni@1.0.0 (location: C:\Program Files\Unity\Hub\Editor\6000.2.8f1-x86_64\Editor\Data\Resources\PackageManager\BuiltInPackages\com.unity.modules.androidjni)
    com.unity.modules.animation@1.0.0 (location: C:\Program Files\Unity\Hub\Editor\6000.2.8f1-x86_64\Editor\Data\Resources\PackageManager\BuiltInPackages\com.unity.modules.animation)
    com.unity.modules.assetbundle@1.0.0 (location: C:\Program Files\Unity\Hub\Editor\6000.2.8f1-x86_64\Editor\Data\Resources\PackageManager\BuiltInPackages\com.unity.modules.assetbundle)
    com.unity.modules.audio@1.0.0 (location: C:\Program Files\Unity\Hub\Editor\6000.2.8f1-x86_64\Editor\Data\Resources\PackageManager\BuiltInPackages\com.unity.modules.audio)
    com.unity.modules.cloth@1.0.0 (location: C:\Program Files\Unity\Hub\Editor\6000.2.8f1-x86_64\Editor\Data\Resources\PackageManager\BuiltInPackages\com.unity.modules.cloth)
    com.unity.modules.director@1.0.0 (location: C:\Program Files\Unity\Hub\Editor\6000.2.8f1-x86_64\Editor\Data\Resources\PackageManager\BuiltInPackages\com.unity.modules.director)
    com.unity.modules.imageconversion@1.0.0 (location: C:\Program Files\Unity\Hub\Editor\6000.2.8f1-x86_64\Editor\Data\Resources\PackageManager\BuiltInPackages\com.unity.modules.imageconversion)
    com.unity.modules.imgui@1.0.0 (location: C:\Program Files\Unity\Hub\Editor\6000.2.8f1-x86_64\Editor\Data\Resources\PackageManager\BuiltInPackages\com.unity.modules.imgui)
    com.unity.modules.jsonserialize@1.0.0 (location: C:\Program Files\Unity\Hub\Editor\6000.2.8f1-x86_64\Editor\Data\Resources\PackageManager\BuiltInPackages\com.unity.modules.jsonserialize)
    com.unity.modules.particlesystem@1.0.0 (location: C:\Program Files\Unity\Hub\Editor\6000.2.8f1-x86_64\Editor\Data\Resources\PackageManager\BuiltInPackages\com.unity.modules.particlesystem)
    com.unity.modules.physics@1.0.0 (location: C:\Program Files\Unity\Hub\Editor\6000.2.8f1-x86_64\Editor\Data\Resources\PackageManager\BuiltInPackages\com.unity.modules.physics)
    com.unity.modules.physics2d@1.0.0 (location: C:\Program Files\Unity\Hub\Editor\6000.2.8f1-x86_64\Editor\Data\Resources\PackageManager\BuiltInPackages\com.unity.modules.physics2d)
    com.unity.modules.screencapture@1.0.0 (location: C:\Program Files\Unity\Hub\Editor\6000.2.8f1-x86_64\Editor\Data\Resources\PackageManager\BuiltInPackages\com.unity.modules.screencapture)
    com.unity.modules.terrain@1.0.0 (location: C:\Program Files\Unity\Hub\Editor\6000.2.8f1-x86_64\Editor\Data\Resources\PackageManager\BuiltInPackages\com.unity.modules.terrain)
    com.unity.modules.terrainphysics@1.0.0 (location: C:\Program Files\Unity\Hub\Editor\6000.2.8f1-x86_64\Editor\Data\Resources\PackageManager\BuiltInPackages\com.unity.modules.terrainphysics)
    com.unity.modules.tilemap@1.0.0 (location: C:\Program Files\Unity\Hub\Editor\6000.2.8f1-x86_64\Editor\Data\Resources\PackageManager\BuiltInPackages\com.unity.modules.tilemap)
    com.unity.modules.ui@1.0.0 (location: C:\Program Files\Unity\Hub\Editor\6000.2.8f1-x86_64\Editor\Data\Resources\PackageManager\BuiltInPackages\com.unity.modules.ui)
    com.unity.modules.uielements@1.0.0 (location: C:\Program Files\Unity\Hub\Editor\6000.2.8f1-x86_64\Editor\Data\Resources\PackageManager\BuiltInPackages\com.unity.modules.uielements)
    com.unity.modules.umbra@1.0.0 (location: C:\Program Files\Unity\Hub\Editor\6000.2.8f1-x86_64\Editor\Data\Resources\PackageManager\BuiltInPackages\com.unity.modules.umbra)
    com.unity.modules.unityanalytics@1.0.0 (location: C:\Program Files\Unity\Hub\Editor\6000.2.8f1-x86_64\Editor\Data\Resources\PackageManager\BuiltInPackages\com.unity.modules.unityanalytics)
    com.unity.modules.unitywebrequest@1.0.0 (location: C:\Program Files\Unity\Hub\Editor\6000.2.8f1-x86_64\Editor\Data\Resources\PackageManager\BuiltInPackages\com.unity.modules.unitywebrequest)
    com.unity.modules.unitywebrequestassetbundle@1.0.0 (location: C:\Program Files\Unity\Hub\Editor\6000.2.8f1-x86_64\Editor\Data\Resources\PackageManager\BuiltInPackages\com.unity.modules.unitywebrequestassetbundle)
    com.unity.modules.unitywebrequestaudio@1.0.0 (location: C:\Program Files\Unity\Hub\Editor\6000.2.8f1-x86_64\Editor\Data\Resources\PackageManager\BuiltInPackages\com.unity.modules.unitywebrequestaudio)
    com.unity.modules.unitywebrequesttexture@1.0.0 (location: C:\Program Files\Unity\Hub\Editor\6000.2.8f1-x86_64\Editor\Data\Resources\PackageManager\BuiltInPackages\com.unity.modules.unitywebrequesttexture)
    com.unity.modules.unitywebrequestwww@1.0.0 (location: C:\Program Files\Unity\Hub\Editor\6000.2.8f1-x86_64\Editor\Data\Resources\PackageManager\BuiltInPackages\com.unity.modules.unitywebrequestwww)
    com.unity.modules.vehicles@1.0.0 (location: C:\Program Files\Unity\Hub\Editor\6000.2.8f1-x86_64\Editor\Data\Resources\PackageManager\BuiltInPackages\com.unity.modules.vehicles)
    com.unity.modules.video@1.0.0 (location: C:\Program Files\Unity\Hub\Editor\6000.2.8f1-x86_64\Editor\Data\Resources\PackageManager\BuiltInPackages\com.unity.modules.video)
    com.unity.modules.vr@1.0.0 (location: C:\Program Files\Unity\Hub\Editor\6000.2.8f1-x86_64\Editor\Data\Resources\PackageManager\BuiltInPackages\com.unity.modules.vr)
    com.unity.modules.wind@1.0.0 (location: C:\Program Files\Unity\Hub\Editor\6000.2.8f1-x86_64\Editor\Data\Resources\PackageManager\BuiltInPackages\com.unity.modules.wind)
    com.unity.modules.xr@1.0.0 (location: C:\Program Files\Unity\Hub\Editor\6000.2.8f1-x86_64\Editor\Data\Resources\PackageManager\BuiltInPackages\com.unity.modules.xr)
    com.unity.modules.subsystems@1.0.0 (location: C:\Program Files\Unity\Hub\Editor\6000.2.8f1-x86_64\Editor\Data\Resources\PackageManager\BuiltInPackages\com.unity.modules.subsystems)
    com.unity.modules.hierarchycore@1.0.0 (location: C:\Program Files\Unity\Hub\Editor\6000.2.8f1-x86_64\Editor\Data\Resources\PackageManager\BuiltInPackages\com.unity.modules.hierarchycore)
    com.unity.ext.nunit@2.0.5 (location: C:\훈련생폴더\3. 유니티\SandGuard-Origin-of-Djinn\Library\PackageCache\com.unity.ext.nunit@031a54704bff)
    com.unity.render-pipelines.core@17.2.0 (location: C:\훈련생폴더\3. 유니티\SandGuard-Origin-of-Djinn\Library\PackageCache\com.unity.render-pipelines.core@60896ea171dc)
    com.unity.shadergraph@17.2.0 (location: C:\훈련생폴더\3. 유니티\SandGuard-Origin-of-Djinn\Library\PackageCache\com.unity.shadergraph@2c9221ffedf4)
    com.unity.render-pipelines.universal-config@17.0.3 (location: C:\훈련생폴더\3. 유니티\SandGuard-Origin-of-Djinn\Library\PackageCache\com.unity.render-pipelines.universal-config@8dc1aab4af1d)
    com.unity.rendering.light-transport@1.0.1 (location: C:\훈련생폴더\3. 유니티\SandGuard-Origin-of-Djinn\Library\PackageCache\com.unity.rendering.light-transport@2c9279f90d7c)
[Subsystems] No new subsystems found in resolved package list.
[Package Manager] Done registering packages in 0.01 seconds
[ScriptCompilation] Requested script compilation because: Assetdatabase observed changes in script compilation related files
Duplicate assembly 'System.Runtime.CompilerServices.Unsafe.dll' with different versions detected, using 'Packages/com.unity.collections/Unity.Collections.Tests/System.Runtime.CompilerServices.Unsafe/System.Runtime.CompilerServices.Unsafe.dll, AssemblyName=System.Runtime.CompilerServices.Unsafe, Version=6.0.0.0, Culture=neutral, PublicKeyToken=b03f5f7f11d50a3a' and ignoring 'Packages/com.unity.pipeline/Runtime/Plugins/CodeAnalysis/System.Runtime.CompilerServices.Unsafe.dll, AssemblyName=System.Runtime.CompilerServices.Unsafe, Version=4.0.4.0, Culture=neutral, PublicKeyToken=b03f5f7f11d50a3a'.Starting: C:\Program Files\Unity\Hub\Editor\6000.2.8f1-x86_64\Editor\Data\bee_backend.exe --ipc --defer-dag-verification --dagfile="Library/Bee/1900b0aE.dag" --continue-on-failure --profile="Library/Bee/backend1.traceevents" ScriptAssemblies
WorkingDir: C:/훈련생폴더/3. 유니티/SandGuard-Origin-of-Djinn
DisplayProgressbar: Compiling Scripts
ExitCode: 0 Duration: 7s749ms
[ 975/1283  0s] ILPP-Configuration Library/ilpp-configuration.nevergeneratedoutput
[1279/1283  2s] Csc Library/Bee/artifacts/1900b0aE.dag/Assembly-CSharp-Editor.dll (+2 others)
Assets\Cutscenes\Editor\StoryMenuBuilder.cs(156,13): warning CS0618: 'TMP_Text.enableWordWrapping' is obsolete: 'The enabledWordWrapping property is now obsolete. Please use the textWrappingMode property instead.'

Assets\3.Script\UI\HUD\Editor\HUDSceneBuilder.cs(100,392): warning CS0618: 'TMP_Text.enableWordWrapping' is obsolete: 'The enabledWordWrapping property is now obsolete. Please use the textWrappingMode property instead.'
[1280/1283  0s] ILPostProcess Library/Bee/artifacts/1900b0aE.dag/post-processed/Assembly-CSharp-Editor.dll (+pdb)
Processing assembly Library/Bee/artifacts/1900b0aE.dag/Assembly-CSharp-Editor.dll, with 131 defines and 375 references

processors: Unity.Jobs.CodeGen.JobsILPostProcessor, Unity.Pipeline.CodeGen.HotReloadInPlaceILPostProcessor, zzzUnity.Burst.CodeGen.BurstILPostProcessor

running Unity.Jobs.CodeGen.JobsILPostProcessor

running Unity.Pipeline.CodeGen.HotReloadInPlaceILPostProcessor

running zzzUnity.Burst.CodeGen.BurstILPostProcessor
[1281/1283  0s] CopyFiles Library/ScriptAssemblies/Assembly-CSharp-Editor.pdb
[1282/1283  0s] CopyFiles Library/ScriptAssemblies/Assembly-CSharp-Editor.dll
*** Tundra build success (7.72 seconds), 5 items updated, 1283 evaluated
Assets\Cutscenes\Editor\StoryMenuBuilder.cs(156,13): warning CS0618: 'TMP_Text.enableWordWrapping' is obsolete: 'The enabledWordWrapping property is now obsolete. Please use the textWrappingMode property instead.'
Assets\3.Script\UI\HUD\Editor\HUDSceneBuilder.cs(100,392): warning CS0618: 'TMP_Text.enableWordWrapping' is obsolete: 'The enabledWordWrapping property is now obsolete. Please use the textWrappingMode property instead.'
AssetDatabase: script compilation time: 8.131010s
Begin MonoManager ReloadAssembly
Duplicate assembly 'System.Runtime.CompilerServices.Unsafe.dll' with different versions detected, using 'Packages/com.unity.collections/Unity.Collections.Tests/System.Runtime.CompilerServices.Unsafe/System.Runtime.CompilerServices.Unsafe.dll, AssemblyName=System.Runtime.CompilerServices.Unsafe, Version=6.0.0.0, Culture=neutral, PublicKeyToken=b03f5f7f11d50a3a' and ignoring 'Packages/com.unity.pipeline/Runtime/Plugins/CodeAnalysis/System.Runtime.CompilerServices.Unsafe.dll, AssemblyName=System.Runtime.CompilerServices.Unsafe, Version=4.0.4.0, Culture=neutral, PublicKeyToken=b03f5f7f11d50a3a'.- Loaded All Assemblies, in  3.387 seconds
Refreshing native plugins compatible for Editor in 1.09 ms, found 3 plugins.
Native extension for iOS target not found
Native extension for Android target not found
Native extension for WindowsStandalone target not found
Native extension for WebGL target not found
Duplicate assembly 'System.Runtime.CompilerServices.Unsafe.dll' with different versions detected, using 'Packages/com.unity.collections/Unity.Collections.Tests/System.Runtime.CompilerServices.Unsafe/System.Runtime.CompilerServices.Unsafe.dll, AssemblyName=System.Runtime.CompilerServices.Unsafe, Version=6.0.0.0, Culture=neutral, PublicKeyToken=b03f5f7f11d50a3a' and ignoring 'Packages/com.unity.pipeline/Runtime/Plugins/CodeAnalysis/System.Runtime.CompilerServices.Unsafe.dll, AssemblyName=System.Runtime.CompilerServices.Unsafe, Version=4.0.4.0, Culture=neutral, PublicKeyToken=b03f5f7f11d50a3a'.Start HTTP server: port:7800
Mono: successfully reloaded assembly
- Finished resetting the current domain, in  3.076 seconds
Domain Reload Profiling: 6459ms
	BeginReloadAssembly (267ms)
		ExecutionOrderSort (0ms)
		DisableScriptedObjects (10ms)
		BackupInstance (0ms)
		ReleaseScriptingObjects (0ms)
		CreateAndSetChildDomain (142ms)
	RebuildCommonClasses (27ms)
	RebuildNativeTypeToScriptingClass (8ms)
	initialDomainReloadingComplete (27ms)
	LoadAllAssembliesAndSetupDomain (3053ms)
		LoadAssemblies (2843ms)
		RebuildTransferFunctionScriptingTraits (0ms)
		AnalyzeDomain (290ms)
			TypeCache.Refresh (226ms)
				TypeCache.ScanAssembly (212ms)
			BuildScriptInfoCaches (48ms)
			ResolveRequiredComponents (10ms)
	FinalizeReload (3077ms)
		ReleaseScriptCaches (0ms)
		RebuildScriptCaches (0ms)
		SetupLoadedEditorAssemblies (2882ms)
			LogAssemblyErrors (0ms)
			InitializePlatformSupportModulesInManaged (42ms)
			SetLoadedEditorAssemblies (4ms)
			BeforeProcessingInitializeOnLoad (118ms)
			ProcessInitializeOnLoadAttributes (2641ms)
			ProcessInitializeOnLoadMethodAttributes (73ms)
			AfterProcessingInitializeOnLoad (4ms)
			EditorAssembliesLoaded (1ms)
		ExecutionOrderSort2 (0ms)
		AwakeInstancesAfterBackupRestoration (10ms)
Refreshing native plugins compatible for Editor in 0.99 ms, found 3 plugins.
Preloading 0 native plugins for Editor in 0.00 ms.
Asset Pipeline Refresh (id=b6dc7374633cd224a975b7a04a272c32): Total: 15.243 seconds - Initiated by InitialRefreshV2(ForceSynchronousImport)
	Summary:
		Imports: total=0 (actual=0, local cache=0, cache server=0)
		Asset DB Process Time: managed=0 ms, native=3476 ms
		Asset DB Callback time: managed=181 ms, native=14 ms
		Scripting: domain reloads=1, domain reload time=3387 ms, compile time=8132 ms, other=50 ms
		Project Asset Count: scripts=1711, non-scripts=4810
		Asset File Changes: new=0, changed=1, moved=0, deleted=0
		Scan Filter Count: 0
	InvokeCustomDependenciesCallbacks: 0.001ms
	InvokePackagesCallback: 11.822ms
	ApplyChangesToAssetFolders: 0.556ms
	Scan: 94.341ms
	OnSourceAssetsModified: 0.722ms
	CategorizeAssetsWithTransientArtifact: 44.449ms
	ProcessAssetsWithTransientArtifactChanges: 68.116ms
	CategorizeAssets: 61.248ms
	ImportOutOfDateAssets: 3088.625ms (-5049.347ms without children)
		CompileScripts: 8132.316ms
		ReloadNativeAssets: 0.024ms
		UnloadImportedAssets: 0.760ms
		EnsureUptoDateAssetsAreRegisteredWithGuidPM: 1.063ms
		InitializingProgressBar: 0.000ms
		PostProcessAllAssetNotificationsAddChangedAssets: 0.000ms
		OnDemandSchedulerStart: 3.809ms
	PostProcessAllAssets: 182.709ms
	Hotreload: 2.517ms
	GatherAllCurrentPrimaryArtifactRevisions: 0.002ms
	UnloadStreamsBegin: 2.379ms
	PersistCurrentRevisions: 0.212ms
	UnloadStreamsEnd: 0.001ms
	GenerateScriptTypeHashes: 5.875ms
	Untracked: 11685.693ms

Application.AssetDatabase Initial Refresh End
Launched and connected shader compiler UnityShaderCompiler.exe after 0.01 seconds
Scanning for USB devices : 3.610ms
Initializing Unity extensions:
[MODES] ModeService[none].Initialize
[MODES] ModeService[none].LoadModes
[MODES] Loading mode Default (0) for mode-current-id-DesertTower
Unloading 17 Unused Serialized files (Serialized files now loaded: 0)
Unloading 7010 unused Assets / (5.3 MB). Loaded Objects now: 7770.
Memory consumption went from 215.7 MB to 210.4 MB.
Total: 8.887700 ms (FindLiveObjects: 0.401900 ms CreateObjectMapping: 0.401800 ms MarkObjects: 5.997400 ms  DeleteObjects: 2.081800 ms)

Opening scene 'Assets/1.Scene/MainScene.unity'
Unloading 40 Unused Serialized files (Serialized files now loaded: 0)
Loaded scene 'Assets/1.Scene/MainScene.unity'
	Deserialize:            64.149 ms
	Integration:            237.424 ms
	Integration of assets:  12.519 ms
	Thread Wait Time:       0.041 ms
	Total Operation Time:   314.134 ms
Unloading 2 unused Assets / (1.0 KB). Loaded Objects now: 8180.
Memory consumption went from 241.4 MB to 241.4 MB.
Total: 6.012500 ms (FindLiveObjects: 0.312400 ms CreateObjectMapping: 0.234600 ms MarkObjects: 5.436200 ms  DeleteObjects: 0.028000 ms)

Start importing Assets/1.Scene/MainScene.unity using Guid(be73bed252038034584ed729708435c9) (DefaultImporter) -> (artifact id: 'f94804f78aab8f30491396737ec1c13c') in 0.004922 seconds
Refreshing native plugins compatible for Editor in 0.76 ms, found 3 plugins.
Preloading 0 native plugins for Editor in 0.00 ms.
Asset Pipeline Refresh (id=a68ef1e0355ccae4d86af9b23df866a3): Total: 0.077 seconds - Initiated by StopAssetImportingV2(NoUpdateAssetOptions)
현재 Story 버튼을 기존 스토리 팝업에 다시 연결했습니다.
UnityEngine.Debug:ExtractStackTraceNoAlloc (byte*,int,string)
UnityEngine.StackTraceUtility:ExtractStackTrace ()
UnityEngine.DebugLogHandler:Internal_Log (UnityEngine.LogType,UnityEngine.LogOption,string,UnityEngine.Object)
UnityEngine.DebugLogHandler:LogFormat (UnityEngine.LogType,UnityEngine.Object,string,object[])
UnityEngine.Logger:Log (UnityEngine.LogType,object)
UnityEngine.Debug:Log (object)
SandGuard.Cutscenes.Editor.StoryMenuTools:ReconnectStoryButton () (at Assets/Cutscenes/Editor/StoryMenuTools.cs:34)

(Filename: Assets/Cutscenes/Editor/StoryMenuTools.cs Line: 34)

Batchmode quit successfully invoked - shutting down!
Pipeline Server stopped
Curl error 42: Callback aborted
Killing ADB server in 0.0450437 seconds.
[Physics::Module] Cleanup current backend.
[Physics::Module] Id: 0xf2b8ea05
Input System module state changed to: ShutdownInProgress.
Input System polling thread exited.
Input System module state changed to: Shutdown.
[Licensing::IpcConnector] LicenseClient-m-notifications channel disconnected successfully.
[Licensing::IpcConnector] LicenseClient-m channel disconnected successfully.
AcceleratorClientConnectionCallback - disconnected - :0
Cleanup mono
Exiting batchmode successfully now!
Exiting without the bug reporter. Application will terminate with return code 0