Extensions: writing cache failed ([WinError 5] 액세스가 거부되었습니다: 'C:\\Users\\m\\AppData\\Roaming\\Blender Foundation\\Blender\\5.2\\extensions').
12:01:34 | INFO: Data are loaded, start creating Blender stuff
12:01:34 | INFO: Blender create Mesh node tripo_mesh_d377e9d1-75d1-4a10-a74a-1aef462ee67b
12:01:34 | INFO: glTF import finished in 0.06s

FBX export starting... 'C:\\course\\unity\\SandGuard\\Assets\\Enemy\\Art\\Characters\\Swordsman\\Swordsman_Body.fbx'
export finished in 0.1077 sec.
Extensions: writing cache failed ([WinError 5] 액세스가 거부되었습니다: 'C:\\Users\\m\\AppData\\Roaming\\Blender Foundation\\Blender\\5.2\\extensions').
12:01:35 | INFO: Data are loaded, start creating Blender stuff
12:01:35 | INFO: Blender create Mesh node tripo_mesh_9f31ab8d-a407-4b22-b6df-820327e387b6
12:01:35 | INFO: glTF import finished in 0.06s

FBX export starting... 'C:\\course\\unity\\SandGuard\\Assets\\Enemy\\Art\\Characters\\Assassin\\Assassin_Body.fbx'
export finished in 0.0470 sec.
Extensions: writing cache failed ([WinError 5] 액세스가 거부되었습니다: 'C:\\Users\\m\\AppData\\Roaming\\Blender Foundation\\Blender\\5.2\\extensions').
12:01:35 | INFO: Data are loaded, start creating Blender stuff
12:01:35 | INFO: Blender create Mesh node tripo_mesh_05cec928-b323-4c55-8092-4336a0b4f192
12:01:35 | INFO: glTF import finished in 0.06s

FBX export starting... 'C:\\course\\unity\\SandGuard\\Assets\\Enemy\\Art\\Characters\\ShieldGuard\\ShieldGuard_Body.fbx'
export finished in 0.0376 sec.
Extensions: writing cache failed ([WinError 5] 액세스가 거부되었습니다: 'C:\\Users\\m\\AppData\\Roaming\\Blender Foundation\\Blender\\5.2\\extensions').
12:01:35 | INFO: Data are loaded, start creating Blender stuff
12:01:35 | INFO: Blender create Mesh node tripo_mesh_8ce39e42-11d1-4000-89ca-cc61204b5f43
12:01:35 | INFO: glTF import finished in 0.06s

FBX export starting... 'C:\\course\\unity\\SandGuard\\Assets\\Enemy\\Art\\Characters\\HammerBrute\\HammerBrute_Body.fbx'
export finished in 0.0368 sec.
Extensions: writing cache failed ([WinError 5] 액세스가 거부되었습니다: 'C:\\Users\\m\\AppData\\Roaming\\Blender Foundation\\Blender\\5.2\\extensions').
12:01:36 | INFO: Data are loaded, start creating Blender stuff
12:01:36 | INFO: Blender create Mesh node tripo_mesh_ee2bee6c-2821-4f74-afe8-5bf17f0883ed
12:01:36 | INFO: glTF import finished in 0.06s

FBX export starting... 'C:\\course\\unity\\SandGuard\\Assets\\Enemy\\Art\\Characters\\Chief\\Chief_Body.fbx'
export finished in 0.0413 sec.
PREVIEW_BODIES_EXPORTED [{"name": "Swordsman", "source": "Docs\\model-art\\bandit-minion\\bandit1.glb", "meshes": 1, "triangles": 11288}, {"name": "Assassin", "source": "Docs\\model-art\\bandit-ninja\\voxel+ninja+3d+model.glb", "meshes": 1, "triangles": 11246}, {"name": "ShieldGuard", "source": "Docs\\model-art\\bandit-shielder\\voxel+warrior+3d+model.glb", "meshes": 1, "triangles": 11039}, {"name": "HammerBrute", "source": "Docs\\model-art\\bandit-hammerer\\voxel+adventurer+3d+model.glb", "meshes": 1, "triangles": 10855}, {"name": "Chief", "source": "Docs\\model-art\\bandit-leader\\fantasy+warrior+3d+model.glb", "meshes": 1, "triangles": 10832}]
Blender 5.2.1 LTS (hash 9e2066aef7ef built 2026-08-25 02:38:20)

Blender quit
