Extensions: writing cache failed ([WinError 5] 액세스가 거부되었습니다: 'C:\\Users\\m\\AppData\\Roaming\\Blender Foundation\\Blender\\5.2\\extensions').
12:09:47 | INFO: Data are loaded, start creating Blender stuff
12:09:47 | INFO: Blender create Mesh node tripo_mesh_8ce39e42-11d1-4000-89ca-cc61204b5f43
12:09:47 | INFO: glTF import finished in 0.04s
Extensions: writing cache failed ([WinError 5] 액세스가 거부되었습니다: 'C:\\Users\\m\\AppData\\Roaming\\Blender Foundation\\Blender\\5.2\\extensions').
12:09:47 | INFO: Data are loaded, start creating Blender stuff
12:09:47 | INFO: Blender create Mesh node tripo_mesh_ee2bee6c-2821-4f74-afe8-5bf17f0883ed
12:09:47 | INFO: glTF import finished in 0.03s
Extensions: writing cache failed ([WinError 5] 액세스가 거부되었습니다: 'C:\\Users\\m\\AppData\\Roaming\\Blender Foundation\\Blender\\5.2\\extensions').
12:09:47 | INFO: Data are loaded, start creating Blender stuff
12:09:47 | INFO: Blender create Mesh node tripo_mesh_d377e9d1-75d1-4a10-a74a-1aef462ee67b
12:09:47 | INFO: glTF import finished in 0.04s
Extensions: writing cache failed ([WinError 5] 액세스가 거부되었습니다: 'C:\\Users\\m\\AppData\\Roaming\\Blender Foundation\\Blender\\5.2\\extensions').
12:09:47 | INFO: Data are loaded, start creating Blender stuff
12:09:47 | INFO: Blender create Mesh node tripo_mesh_9f31ab8d-a407-4b22-b6df-820327e387b6
12:09:47 | INFO: glTF import finished in 0.04s
Extensions: writing cache failed ([WinError 5] 액세스가 거부되었습니다: 'C:\\Users\\m\\AppData\\Roaming\\Blender Foundation\\Blender\\5.2\\extensions').
12:09:47 | INFO: Data are loaded, start creating Blender stuff
12:09:47 | INFO: Blender create Mesh node tripo_mesh_05cec928-b323-4c55-8092-4336a0b4f192
12:09:47 | INFO: glTF import finished in 0.04s
Blender 5.2.1 LTS (hash 9e2066aef7ef built 2026-08-25 02:38:20)

Blender quit
