Extensions: writing cache failed ([WinError 5] 액세스가 거부되었습니다: 'C:\\Users\\m\\AppData\\Roaming\\Blender Foundation\\Blender\\5.2\\extensions').
FBX version: 7400
Extensions: writing cache failed ([WinError 5] 액세스가 거부되었습니다: 'C:\\Users\\m\\AppData\\Roaming\\Blender Foundation\\Blender\\5.2\\extensions').
11:36:49 | INFO: Data are loaded, start creating Blender stuff
11:36:49 | INFO: Blender create Mesh node ShortSword_Mesh
11:36:49 | INFO: glTF import finished in 0.03s
Extensions: writing cache failed ([WinError 5] 액세스가 거부되었습니다: 'C:\\Users\\m\\AppData\\Roaming\\Blender Foundation\\Blender\\5.2\\extensions').
FBX version: 7400
Extensions: writing cache failed ([WinError 5] 액세스가 거부되었습니다: 'C:\\Users\\m\\AppData\\Roaming\\Blender Foundation\\Blender\\5.2\\extensions').
11:36:51 | INFO: Data are loaded, start creating Blender stuff
11:36:51 | INFO: Blender create Mesh node AssassinDagger_Mesh
11:36:51 | INFO: glTF import finished in 0.06s
Extensions: writing cache failed ([WinError 5] 액세스가 거부되었습니다: 'C:\\Users\\m\\AppData\\Roaming\\Blender Foundation\\Blender\\5.2\\extensions').
FBX version: 7400
Extensions: writing cache failed ([WinError 5] 액세스가 거부되었습니다: 'C:\\Users\\m\\AppData\\Roaming\\Blender Foundation\\Blender\\5.2\\extensions').
11:36:53 | INFO: Data are loaded, start creating Blender stuff
11:36:53 | INFO: Blender create Mesh node ChiefScimitar_Mesh
11:36:53 | INFO: glTF import finished in 0.07s
Extensions: writing cache failed ([WinError 5] 액세스가 거부되었습니다: 'C:\\Users\\m\\AppData\\Roaming\\Blender Foundation\\Blender\\5.2\\extensions').
FBX version: 7400
Extensions: writing cache failed ([WinError 5] 액세스가 거부되었습니다: 'C:\\Users\\m\\AppData\\Roaming\\Blender Foundation\\Blender\\5.2\\extensions').
11:36:55 | INFO: Data are loaded, start creating Blender stuff
11:36:55 | INFO: Blender create Mesh node Warhammer_Mesh
11:36:55 | INFO: glTF import finished in 0.08s
Extensions: writing cache failed ([WinError 5] 액세스가 거부되었습니다: 'C:\\Users\\m\\AppData\\Roaming\\Blender Foundation\\Blender\\5.2\\extensions').
FBX version: 7400
Extensions: writing cache failed ([WinError 5] 액세스가 거부되었습니다: 'C:\\Users\\m\\AppData\\Roaming\\Blender Foundation\\Blender\\5.2\\extensions').
11:36:56 | INFO: Data are loaded, start creating Blender stuff
11:36:56 | INFO: Blender create Mesh node RoundShield_Mesh
11:36:56 | INFO: glTF import finished in 0.18s
Extensions: writing cache failed ([WinError 5] 액세스가 거부되었습니다: 'C:\\Users\\m\\AppData\\Roaming\\Blender Foundation\\Blender\\5.2\\extensions').
FBX version: 7400
Extensions: writing cache failed ([WinError 5] 액세스가 거부되었습니다: 'C:\\Users\\m\\AppData\\Roaming\\Blender Foundation\\Blender\\5.2\\extensions').
11:36:58 | INFO: Data are loaded, start creating Blender stuff
11:36:58 | INFO: Blender create Mesh node TowerShield_Mesh
11:36:58 | INFO: glTF import finished in 0.12s
Extensions: writing cache failed ([WinError 5] 액세스가 거부되었습니다: 'C:\\Users\\m\\AppData\\Roaming\\Blender Foundation\\Blender\\5.2\\extensions').
FBX version: 7400
Extensions: writing cache failed ([WinError 5] 액세스가 거부되었습니다: 'C:\\Users\\m\\AppData\\Roaming\\Blender Foundation\\Blender\\5.2\\extensions').
11:37:00 | INFO: Data are loaded, start creating Blender stuff
11:37:00 | INFO: Blender create Mesh node ChiefCape_Mesh
11:37:00 | INFO: glTF import finished in 0.41s
VERIFIED [{"file": "ShortSword.fbx", "triangles": 252, "texture_loaded": true, "dimensions_xyz_m": [0.289000004529953, 0.11050001159310341, 1.0250000059604645]}, {"file": "ShortSword.glb", "triangles": 252, "texture_loaded": true, "dimensions_xyz_m": [0.289000004529953, 0.11049999669194221, 1.0250000059604645]}, {"file": "AssassinDagger.fbx", "triangles": 236, "texture_loaded": true, "dimensions_xyz_m": [0.2410000041127205, 0.11050001159310341, 0.6549999862909317]}, {"file": "AssassinDagger.glb", "triangles": 236, "texture_loaded": true, "dimensions_xyz_m": [0.2410000041127205, 0.11049999669194221, 0.6549999862909317]}, {"file": "ChiefScimitar.fbx", "triangles": 400, "texture_loaded": true, "dimensions_xyz_m": [0.5488000065088272, 0.11050001159310341, 1.186000034213066]}, {"file": "ChiefScimitar.glb", "triangles": 400, "texture_loaded": true, "dimensions_xyz_m": [0.5488000065088272, 0.11049999669194221, 1.186000034213066]}, {"file": "Warhammer.fbx", "triangles": 480, "texture_loaded": true, "dimensions_xyz_m": [0.6549999713897705, 0.29600004851818085, 1.1359999775886536]}, {"file": "Warhammer.glb", "triangles": 480, "texture_loaded": true, "dimensions_xyz_m": [0.6549999713897705, 0.29600000381469727, 1.1359999775886536]}, {"file": "RoundShield.fbx", "triangles": 2240, "texture_loaded": true, "dimensions_xyz_m": [0.6299099922180176, 0.26200002431869507, 0.62991002202034]}, {"file": "RoundShield.glb", "triangles": 2240, "texture_loaded": true, "dimensions_xyz_m": [0.6299099922180176, 0.2620000056922436, 0.6299099922180176]}, {"file": "TowerShield.fbx", "triangles": 1284, "texture_loaded": true, "dimensions_xyz_m": [0.5740000009536743, 0.24949997663497925, 1.1399999856948853]}, {"file": "TowerShield.glb", "triangles": 1284, "texture_loaded": true, "dimensions_xyz_m": [0.5740000009536743, 0.24950000271201134, 1.1399999856948853]}, {"file": "ChiefCape.fbx", "triangles": 1592, "texture_loaded": true, "dimensions_xyz_m": [1.090000033378601, 0.31139983236789703, 1.1800000692310764], "bones": 13, "weight_sum_error": 3.91155481338501e-08, "motion_m": 0.4740914415069825, "loop_error_m": 0.0, "frame_range": [2.0, 50.0]}, {"file": "ChiefCape.glb", "triangles": 1592, "texture_loaded": true, "dimensions_xyz_m": [1.0899995565414429, 0.31140047311782837, 1.1800000667572021], "bones": 13, "weight_sum_error": 7.450580596923828e-08, "motion_m": 0.47408442252308863, "loop_error_m": 0.0, "frame_range": [1.0, 49.0]}]
Blender 5.2.1 LTS (hash 9e2066aef7ef built 2026-08-25 02:38:20)

Blender quit
