FBX version: 7700
AUDITED Double Dagger Stab.fbx
FBX version: 7700
AUDITED Great Sword Pack/draw a great sword 1.fbx
FBX version: 7700
AUDITED Great Sword Pack/draw a great sword 2.fbx
FBX version: 7700
AUDITED Great Sword Pack/great sword 180 turn (2).fbx
FBX version: 7700
AUDITED Great Sword Pack/great sword 180 turn.fbx
FBX version: 7700
AUDITED Great Sword Pack/great sword attack.fbx
FBX version: 7700
AUDITED Great Sword Pack/great sword blocking (2).fbx
FBX version: 7700
AUDITED Great Sword Pack/great sword blocking (3).fbx
FBX version: 7700
AUDITED Great Sword Pack/great sword blocking.fbx
FBX version: 7700
AUDITED Great Sword Pack/great sword casting.fbx
FBX version: 7700
AUDITED Great Sword Pack/great sword crouching (2).fbx
FBX version: 7700
AUDITED Great Sword Pack/great sword crouching (3).fbx
FBX version: 7700
AUDITED Great Sword Pack/great sword crouching (4).fbx
FBX version: 7700
AUDITED Great Sword Pack/great sword crouching (5).fbx
FBX version: 7700
AUDITED Great Sword Pack/great sword crouching (6).fbx
FBX version: 7700
AUDITED Great Sword Pack/great sword crouching.fbx
FBX version: 7700
AUDITED Great Sword Pack/great sword high spin attack.fbx
FBX version: 7700
AUDITED Great Sword Pack/great sword idle (2).fbx
FBX version: 7700
AUDITED Great Sword Pack/great sword idle (3).fbx
FBX version: 7700
AUDITED Great Sword Pack/great sword idle (4).fbx
FBX version: 7700
AUDITED Great Sword Pack/great sword idle (5).fbx
FBX version: 7700
AUDITED Great Sword Pack/great sword idle.fbx
FBX version: 7700
AUDITED Great Sword Pack/great sword impact (2).fbx
FBX version: 7700
AUDITED Great Sword Pack/great sword impact (3).fbx
FBX version: 7700
AUDITED Great Sword Pack/great sword impact (4).fbx
FBX version: 7700
AUDITED Great Sword Pack/great sword impact (5).fbx
FBX version: 7700
AUDITED Great Sword Pack/great sword impact.fbx
FBX version: 7700
AUDITED Great Sword Pack/great sword jump (2).fbx
FBX version: 7700
AUDITED Great Sword Pack/great sword jump attack.fbx
FBX version: 7700
AUDITED Great Sword Pack/great sword jump.fbx
FBX version: 7700
AUDITED Great Sword Pack/great sword kick (2).fbx
FBX version: 7700
AUDITED Great Sword Pack/great sword kick.fbx
FBX version: 7700
AUDITED Great Sword Pack/great sword power up.fbx
FBX version: 7700
AUDITED Great Sword Pack/great sword run (2).fbx
FBX version: 7700
AUDITED Great Sword Pack/great sword run.fbx
FBX version: 7700
AUDITED Great Sword Pack/great sword slash (2).fbx
FBX version: 7700
AUDITED Great Sword Pack/great sword slash (3).fbx
FBX version: 7700
AUDITED Great Sword Pack/great sword slash (4).fbx
FBX version: 7700
AUDITED Great Sword Pack/great sword slash (5).fbx
FBX version: 7700
AUDITED Great Sword Pack/great sword slash.fbx
FBX version: 7700
AUDITED Great Sword Pack/great sword slide attack.fbx
FBX version: 7700
AUDITED Great Sword Pack/great sword strafe (2).fbx
FBX version: 7700
AUDITED Great Sword Pack/great sword strafe (3).fbx
FBX version: 7700
AUDITED Great Sword Pack/great sword strafe (4).fbx
FBX version: 7700
AUDITED Great Sword Pack/great sword strafe.fbx
FBX version: 7700
AUDITED Great Sword Pack/great sword turn (2).fbx
FBX version: 7700
AUDITED Great Sword Pack/great sword turn.fbx
FBX version: 7700
AUDITED Great Sword Pack/great sword walk (2).fbx
FBX version: 7700
AUDITED Great Sword Pack/great sword walk.fbx
FBX version: 7700
AUDITED Great Sword Pack/spell cast.fbx
FBX version: 7700
AUDITED Great Sword Pack/two handed sword death (2).fbx
FBX version: 7700
AUDITED Great Sword Pack/two handed sword death.fbx
FBX version: 7700
AUDITED Knife Idle.fbx
FBX version: 7700
AUDITED Ninja Run.fbx
FBX version: 7700
AUDITED Pro Magic Pack/Crouch Idle.fbx
FBX version: 7700
AUDITED Pro Magic Pack/Crouch To Standing Idle.fbx
FBX version: 7700
AUDITED Pro Magic Pack/Crouch Turn Left 90.fbx
FBX version: 7700
AUDITED Pro Magic Pack/Crouch Turn Right 90.fbx
FBX version: 7700
AUDITED Pro Magic Pack/Crouch Walk Back.fbx
FBX version: 7700
AUDITED Pro Magic Pack/Crouch Walk Forward.fbx
FBX version: 7700
AUDITED Pro Magic Pack/Crouch Walk Left.fbx
FBX version: 7700
AUDITED Pro Magic Pack/Crouch Walk Right.fbx
FBX version: 7700
AUDITED Pro Magic Pack/standing 1H cast spell 01.fbx
FBX version: 7700
AUDITED Pro Magic Pack/Standing 1H Magic Attack 01.fbx
FBX version: 7700
AUDITED Pro Magic Pack/Standing 1H Magic Attack 02.fbx
FBX version: 7700
AUDITED Pro Magic Pack/Standing 1H Magic Attack 03.fbx
FBX version: 7700
AUDITED Pro Magic Pack/Standing 2H Cast Spell 01.fbx
FBX version: 7700
AUDITED Pro Magic Pack/Standing 2H Magic Area Attack 01.fbx
FBX version: 7700
AUDITED Pro Magic Pack/Standing 2H Magic Area Attack 02.fbx
FBX version: 7700
AUDITED Pro Magic Pack/Standing 2H Magic Attack 01.fbx
FBX version: 7700
AUDITED Pro Magic Pack/Standing 2H Magic Attack 02.fbx
FBX version: 7700
AUDITED Pro Magic Pack/Standing 2H Magic Attack 03.fbx
FBX version: 7700
AUDITED Pro Magic Pack/Standing 2H Magic Attack 04.fbx
FBX version: 7700
AUDITED Pro Magic Pack/Standing 2H Magic Attack 05.fbx
FBX version: 7700
AUDITED Pro Magic Pack/Standing Block End.fbx
FBX version: 7700
AUDITED Pro Magic Pack/Standing Block Idle.fbx
FBX version: 7700
AUDITED Pro Magic Pack/Standing Block React Large.fbx
FBX version: 7700
AUDITED Pro Magic Pack/Standing Block Start.fbx
FBX version: 7700
AUDITED Pro Magic Pack/standing idle 02.fbx
FBX version: 7700
AUDITED Pro Magic Pack/Standing Idle 03.fbx
FBX version: 7700
AUDITED Pro Magic Pack/Standing Idle 04.fbx
FBX version: 7700
AUDITED Pro Magic Pack/Standing Idle To Crouch.fbx
FBX version: 7700
AUDITED Pro Magic Pack/standing idle.fbx
FBX version: 7700
AUDITED Pro Magic Pack/Standing Jump Running Landing.fbx
FBX version: 7700
AUDITED Pro Magic Pack/Standing Jump Running.fbx
FBX version: 7700
AUDITED Pro Magic Pack/Standing Jump.fbx
FBX version: 7700
AUDITED Pro Magic Pack/Standing Land To Standing Idle.fbx
FBX version: 7700
AUDITED Pro Magic Pack/Standing React Death Backward.fbx
FBX version: 7700
AUDITED Pro Magic Pack/Standing React Death Forward.fbx
FBX version: 7700
AUDITED Pro Magic Pack/Standing React Death Left.fbx
FBX version: 7700
AUDITED Pro Magic Pack/Standing React Death Right.fbx
FBX version: 7700
AUDITED Pro Magic Pack/Standing React Large From Back.fbx
FBX version: 7700
AUDITED Pro Magic Pack/Standing React Large From Front.fbx
FBX version: 7700
AUDITED Pro Magic Pack/Standing React Large From Left.fbx
FBX version: 7700
AUDITED Pro Magic Pack/Standing React Large From Right.fbx
FBX version: 7700
AUDITED Pro Magic Pack/Standing React Small From Back.fbx
FBX version: 7700
AUDITED Pro Magic Pack/Standing React Small From Front.fbx
FBX version: 7700
AUDITED Pro Magic Pack/Standing React Small From Left.fbx
FBX version: 7700
AUDITED Pro Magic Pack/Standing React Small From Right.fbx
FBX version: 7700
AUDITED Pro Magic Pack/Standing Run Back.fbx
FBX version: 7700
AUDITED Pro Magic Pack/Standing Run Forward.fbx
FBX version: 7700
AUDITED Pro Magic Pack/Standing Run Left.fbx
FBX version: 7700
AUDITED Pro Magic Pack/Standing Run Right.fbx
FBX version: 7700
AUDITED Pro Magic Pack/Standing Sprint Forward.fbx
FBX version: 7700
AUDITED Pro Magic Pack/Standing Turn Left 90.fbx
FBX version: 7700
AUDITED Pro Magic Pack/Standing Turn Right 90.fbx
FBX version: 7700
AUDITED Pro Magic Pack/Standing Walk Back.fbx
FBX version: 7700
AUDITED Pro Magic Pack/Standing Walk Forward.fbx
FBX version: 7700
AUDITED Pro Magic Pack/Standing Walk Left.fbx
FBX version: 7700
AUDITED Pro Magic Pack/Standing Walk Right.fbx
FBX version: 7700
AUDITED Pro Sword and Shield Pack/draw sword 1.fbx
FBX version: 7700
AUDITED Pro Sword and Shield Pack/draw sword 2.fbx
FBX version: 7700
AUDITED Pro Sword and Shield Pack/sheath sword 1.fbx
FBX version: 7700
AUDITED Pro Sword and Shield Pack/sheath sword 2.fbx
FBX version: 7700
AUDITED Pro Sword and Shield Pack/sword and shield 180 turn (2).fbx
FBX version: 7700
AUDITED Pro Sword and Shield Pack/sword and shield 180 turn.fbx
FBX version: 7700
AUDITED Pro Sword and Shield Pack/sword and shield attack (2).fbx
FBX version: 7700
AUDITED Pro Sword and Shield Pack/sword and shield attack (3).fbx
FBX version: 7700
AUDITED Pro Sword and Shield Pack/sword and shield attack (4).fbx
FBX version: 7700
AUDITED Pro Sword and Shield Pack/sword and shield attack.fbx
FBX version: 7700
AUDITED Pro Sword and Shield Pack/sword and shield block (2).fbx
FBX version: 7700
AUDITED Pro Sword and Shield Pack/sword and shield block idle.fbx
FBX version: 7700
AUDITED Pro Sword and Shield Pack/sword and shield block.fbx
FBX version: 7700
AUDITED Pro Sword and Shield Pack/sword and shield casting (2).fbx
FBX version: 7700
AUDITED Pro Sword and Shield Pack/sword and shield casting.fbx
FBX version: 7700
AUDITED Pro Sword and Shield Pack/sword and shield crouch block (2).fbx
FBX version: 7700
AUDITED Pro Sword and Shield Pack/sword and shield crouch block idle.fbx
FBX version: 7700
AUDITED Pro Sword and Shield Pack/sword and shield crouch block.fbx
FBX version: 7700
AUDITED Pro Sword and Shield Pack/sword and shield crouch idle.fbx
FBX version: 7700
AUDITED Pro Sword and Shield Pack/sword and shield crouch.fbx
FBX version: 7700
AUDITED Pro Sword and Shield Pack/sword and shield crouching (2).fbx
FBX version: 7700
AUDITED Pro Sword and Shield Pack/sword and shield crouching (3).fbx
FBX version: 7700
AUDITED Pro Sword and Shield Pack/sword and shield crouching.fbx
FBX version: 7700
AUDITED Pro Sword and Shield Pack/sword and shield death (2).fbx
FBX version: 7700
AUDITED Pro Sword and Shield Pack/sword and shield death.fbx
FBX version: 7700
AUDITED Pro Sword and Shield Pack/sword and shield idle (2).fbx
FBX version: 7700
AUDITED Pro Sword and Shield Pack/sword and shield idle (3).fbx
FBX version: 7700
AUDITED Pro Sword and Shield Pack/sword and shield idle (4).fbx
FBX version: 7700
AUDITED Pro Sword and Shield Pack/sword and shield idle.fbx
FBX version: 7700
AUDITED Pro Sword and Shield Pack/sword and shield impact (2).fbx
FBX version: 7700
AUDITED Pro Sword and Shield Pack/sword and shield impact (3).fbx
FBX version: 7700
AUDITED Pro Sword and Shield Pack/sword and shield impact.fbx
FBX version: 7700
AUDITED Pro Sword and Shield Pack/sword and shield jump (2).fbx
FBX version: 7700
AUDITED Pro Sword and Shield Pack/sword and shield jump.fbx
FBX version: 7700
AUDITED Pro Sword and Shield Pack/sword and shield kick.fbx
FBX version: 7700
AUDITED Pro Sword and Shield Pack/sword and shield power up.fbx
FBX version: 7700
AUDITED Pro Sword and Shield Pack/sword and shield run (2).fbx
FBX version: 7700
AUDITED Pro Sword and Shield Pack/sword and shield run.fbx
FBX version: 7700
AUDITED Pro Sword and Shield Pack/sword and shield slash (2).fbx
FBX version: 7700
AUDITED Pro Sword and Shield Pack/sword and shield slash (3).fbx
FBX version: 7700
AUDITED Pro Sword and Shield Pack/sword and shield slash (4).fbx
FBX version: 7700
AUDITED Pro Sword and Shield Pack/sword and shield slash (5).fbx
FBX version: 7700
AUDITED Pro Sword and Shield Pack/sword and shield slash.fbx
FBX version: 7700
AUDITED Pro Sword and Shield Pack/sword and shield strafe (2).fbx
FBX version: 7700
AUDITED Pro Sword and Shield Pack/sword and shield strafe (3).fbx
FBX version: 7700
AUDITED Pro Sword and Shield Pack/sword and shield strafe (4).fbx
FBX version: 7700
AUDITED Pro Sword and Shield Pack/sword and shield strafe.fbx
FBX version: 7700
AUDITED Pro Sword and Shield Pack/sword and shield turn (2).fbx
FBX version: 7700
AUDITED Pro Sword and Shield Pack/sword and shield turn.fbx
FBX version: 7700
AUDITED Pro Sword and Shield Pack/sword and shield walk (2).fbx
FBX version: 7700
AUDITED Pro Sword and Shield Pack/sword and shield walk.fbx
FBX version: 7700
AUDITED Sneaking Forward.fbx
FBX version: 7700
AUDITED Stabbing (1).fbx
FBX version: 7700
AUDITED Stabbing.fbx
FBX version: 7700
AUDITED Sword and Shield Pack/sheath sword 1.fbx
FBX version: 7700
AUDITED Sword and Shield Pack/sheath sword 2.fbx
FBX version: 7700
AUDITED Sword and Shield Pack/sword and shield 180 turn (2).fbx
FBX version: 7700
AUDITED Sword and Shield Pack/sword and shield 180 turn.fbx
FBX version: 7700
AUDITED Sword and Shield Pack/sword and shield attack (2).fbx
FBX version: 7700
AUDITED Sword and Shield Pack/sword and shield attack (3).fbx
FBX version: 7700
AUDITED Sword and Shield Pack/sword and shield attack (4).fbx
FBX version: 7700
AUDITED Sword and Shield Pack/sword and shield attack.fbx
FBX version: 7700
AUDITED Sword and Shield Pack/sword and shield block (2).fbx
FBX version: 7700
AUDITED Sword and Shield Pack/sword and shield block idle.fbx
FBX version: 7700
AUDITED Sword and Shield Pack/sword and shield block.fbx
FBX version: 7700
AUDITED Sword and Shield Pack/sword and shield casting (2).fbx
FBX version: 7700
AUDITED Sword and Shield Pack/sword and shield casting.fbx
FBX version: 7700
AUDITED Sword and Shield Pack/sword and shield crouch block (2).fbx
FBX version: 7700
AUDITED Sword and Shield Pack/sword and shield crouch block idle.fbx
FBX version: 7700
AUDITED Sword and Shield Pack/sword and shield crouch block.fbx
FBX version: 7700
AUDITED Sword and Shield Pack/sword and shield crouch idle.fbx
FBX version: 7700
AUDITED Sword and Shield Pack/sword and shield crouch.fbx
FBX version: 7700
AUDITED Sword and Shield Pack/sword and shield crouching (2).fbx
FBX version: 7700
AUDITED Sword and Shield Pack/sword and shield crouching (3).fbx
FBX version: 7700
AUDITED Sword and Shield Pack/sword and shield crouching.fbx
FBX version: 7700
AUDITED Sword and Shield Pack/sword and shield death (2).fbx
FBX version: 7700
AUDITED Sword and Shield Pack/sword and shield death.fbx
FBX version: 7700
AUDITED Sword and Shield Pack/sword and shield idle (2).fbx
FBX version: 7700
AUDITED Sword and Shield Pack/sword and shield idle (3).fbx
FBX version: 7700
AUDITED Sword and Shield Pack/sword and shield idle (4).fbx
FBX version: 7700
AUDITED Sword and Shield Pack/sword and shield idle.fbx
FBX version: 7700
AUDITED Sword and Shield Pack/sword and shield impact (2).fbx
FBX version: 7700
AUDITED Sword and Shield Pack/sword and shield impact (3).fbx
FBX version: 7700
AUDITED Sword and Shield Pack/sword and shield impact.fbx
FBX version: 7700
AUDITED Sword and Shield Pack/sword and shield jump (2).fbx
FBX version: 7700
AUDITED Sword and Shield Pack/sword and shield jump.fbx
FBX version: 7700
AUDITED Sword and Shield Pack/sword and shield kick.fbx
FBX version: 7700
AUDITED Sword and Shield Pack/sword and shield power up.fbx
FBX version: 7700
AUDITED Sword and Shield Pack/sword and shield run (2).fbx
FBX version: 7700
AUDITED Sword and Shield Pack/sword and shield run.fbx
FBX version: 7700
AUDITED Sword and Shield Pack/sword and shield slash (2).fbx
FBX version: 7700
AUDITED Sword and Shield Pack/sword and shield slash (3).fbx
FBX version: 7700
AUDITED Sword and Shield Pack/sword and shield slash (4).fbx
FBX version: 7700
AUDITED Sword and Shield Pack/sword and shield slash (5).fbx
FBX version: 7700
AUDITED Sword and Shield Pack/sword and shield slash.fbx
FBX version: 7700
AUDITED Sword and Shield Pack/sword and shield strafe (2).fbx
FBX version: 7700
AUDITED Sword and Shield Pack/sword and shield strafe (3).fbx
FBX version: 7700
AUDITED Sword and Shield Pack/sword and shield strafe (4).fbx
FBX version: 7700
AUDITED Sword and Shield Pack/sword and shield strafe.fbx
FBX version: 7700
AUDITED Sword and Shield Pack/sword and shield turn (2).fbx
FBX version: 7700
AUDITED Sword and Shield Pack/sword and shield turn.fbx
FBX version: 7700
AUDITED Sword and Shield Pack/sword and shield walk (2).fbx
FBX version: 7700
AUDITED Sword and Shield Pack/sword and shield walk.fbx
DONE 213
Blender 5.2.1 LTS (hash 9e2066aef7ef built 2026-08-25 02:38:20)

Blender quit
