Input #0, image2, from 'frames/f_%04d.png':
  Duration: 00:00:08.00, start: 0.000000, bitrate: N/A
  Stream #0:0: Video: png, rgba(pc, gbr/bt709/iec61966-2-1), 1280x720 [SAR 2834:2834 DAR 16:9], 24 fps, 24 tbr, 24 tbn
Stream mapping:
  Stream #0:0 -> #0:0 (png (native) -> h264 (libx264))
Press [q] to stop, [?] for help
[libx264 @ 00000293c7d64bc0] using SAR=1/1
[libx264 @ 00000293c7d64bc0] using cpu capabilities: MMX2 SSE2Fast SSSE3 SSE4.2 AVX FMA3 BMI2 AVX2
[libx264 @ 00000293c7d64bc0] profile High, level 3.1, 4:2:0, 8-bit
[libx264 @ 00000293c7d64bc0] 264 - core 164 r3192 c24e06c - H.264/MPEG-4 AVC codec - Copyleft 2003-2024 - http://www.videolan.org/x264.html - options: cabac=1 ref=3 deblock=1:0:0 analyse=0x3:0x113 me=hex subme=7 psy=1 psy_rd=1.00:0.00 mixed_ref=1 me_range=16 chroma_me=1 trellis=1 8x8dct=1 cqm=0 deadzone=21,11 fast_pskip=1 chroma_qp_offset=-2 threads=22 lookahead_threads=3 sliced_threads=0 nr=0 decimate=1 interlaced=0 bluray_compat=0 constrained_intra=0 bframes=3 b_pyramid=2 b_adapt=1 b_bias=0 direct=1 weightb=1 open_gop=0 weightp=2 keyint=250 keyint_min=24 scenecut=40 intra_refresh=0 rc_lookahead=40 rc=crf mbtree=1 crf=18.0 qcomp=0.60 qpmin=0 qpmax=69 qpstep=4 ip_ratio=1.40 aq=1:1.00
Output #0, mp4, to 'C:\course\unity\SandGuard\Docs\3.Ending\Video\production\rework\Camera-Study-8s.mp4':
  Metadata:
    encoder         : Lavf61.7.100
  Stream #0:0: Video: h264 (avc1 / 0x31637661), yuv420p(tv, unknown/bt709/iec61966-2-1, progressive), 1280x720 [SAR 1:1 DAR 16:9], q=2-31, 24 fps, 12288 tbn
      Metadata:
        encoder         : Lavc61.19.100 libx264
      Side data:
        cpb: bitrate max/min/avg: 0/0/0 buffer size: 0 vbv_delay: N/A
frame=   44 fps=0.0 q=23.0 size=     256KiB time=00:00:01.75 bitrate=1198.6kbits/s speed=3.36x    
frame=  146 fps=141 q=23.0 size=    1024KiB time=N/A bitrate=N/A speed=N/A    
[mp4 @ 00000293c7aa2c40] Starting second pass: moving the moov atom to the beginning of the file
[out#0/mp4 @ 00000293c7d63800] video:1500KiB audio:0KiB subtitle:0KiB other streams:0KiB global headers:0KiB muxing overhead: 0.205602%
frame=  192 fps=164 q=-1.0 Lsize=    1503KiB time=00:00:07.91 bitrate=1555.3kbits/s speed=6.77x    
[libx264 @ 00000293c7d64bc0] frame I:1     Avg QP:13.21  size: 50327
[libx264 @ 00000293c7d64bc0] frame P:53    Avg QP:15.11  size: 15385
[libx264 @ 00000293c7d64bc0] frame B:138   Avg QP:18.08  size:  4852
[libx264 @ 00000293c7d64bc0] consecutive B-frames:  3.6%  1.0%  1.6% 93.8%
[libx264 @ 00000293c7d64bc0] mb I  I16..4: 21.4% 53.5% 25.1%
[libx264 @ 00000293c7d64bc0] mb P  I16..4:  5.7%  6.7%  5.0%  P16..4: 29.4% 11.1%  7.2%  0.0%  0.0%    skip:34.9%
[libx264 @ 00000293c7d64bc0] mb B  I16..4:  0.5%  0.2%  0.1%  B16..8: 39.4%  4.5%  0.8%  direct: 0.9%  skip:53.7%  L0:42.5% L1:52.4% BI: 5.0%
[libx264 @ 00000293c7d64bc0] 8x8 transform intra:38.9% inter:84.7%
[libx264 @ 00000293c7d64bc0] coded y,uvDC,uvAC intra: 35.4% 29.0% 15.9% inter: 10.6% 8.2% 1.3%
[libx264 @ 00000293c7d64bc0] i16 v,h,dc,p: 61% 23%  6% 10%
[libx264 @ 00000293c7d64bc0] i8 v,h,dc,ddl,ddr,vr,hd,vl,hu: 27% 14% 47%  2%  2%  2%  3%  2%  2%
[libx264 @ 00000293c7d64bc0] i4 v,h,dc,ddl,ddr,vr,hd,vl,hu: 40% 16% 28%  2%  3%  3%  3%  2%  2%
[libx264 @ 00000293c7d64bc0] i8c dc,h,v,p: 65% 15% 17%  2%
[libx264 @ 00000293c7d64bc0] Weighted P-Frames: Y:0.0% UV:0.0%
[libx264 @ 00000293c7d64bc0] ref P L0: 69.1%  6.7% 16.6%  7.6%
[libx264 @ 00000293c7d64bc0] ref B L0: 90.6%  8.0%  1.5%
[libx264 @ 00000293c7d64bc0] ref B L1: 95.8%  4.2%
[libx264 @ 00000293c7d64bc0] kb/s:1535.29
