Input #0, image2, from 'frames/f_%04d.png':
  Duration: 00:00:49.00, start: 0.000000, bitrate: N/A
  Stream #0:0: Video: png, rgba(pc, gbr/bt709/iec61966-2-1), 1280x720 [SAR 2834:2834 DAR 16:9], 24 fps, 24 tbr, 24 tbn
[aist#1:0/pcm_s16le @ 000001f797dd2b00] Guessed Channel Layout: stereo
Input #1, wav, from 'temp-mix.wav':
  Duration: 00:00:49.00, bitrate: 1536 kb/s
  Stream #1:0: Audio: pcm_s16le ([1][0][0][0] / 0x0001), 48000 Hz, stereo, s16, 1536 kb/s
Stream mapping:
  Stream #0:0 -> #0:0 (png (native) -> h264 (libx264))
  Stream #1:0 -> #0:1 (pcm_s16le (native) -> aac (native))
Press [q] to stop, [?] for help
[libx264 @ 000001f797de2c00] using SAR=1/1
[libx264 @ 000001f797de2c00] using cpu capabilities: MMX2 SSE2Fast SSSE3 SSE4.2 AVX FMA3 BMI2 AVX2
[libx264 @ 000001f797de2c00] profile High, level 3.1, 4:2:0, 8-bit
[libx264 @ 000001f797de2c00] 264 - core 164 r3192 c24e06c - H.264/MPEG-4 AVC codec - Copyleft 2003-2024 - http://www.videolan.org/x264.html - options: cabac=1 ref=3 deblock=1:0:0 analyse=0x3:0x113 me=hex subme=7 psy=1 psy_rd=1.00:0.00 mixed_ref=1 me_range=16 chroma_me=1 trellis=1 8x8dct=1 cqm=0 deadzone=21,11 fast_pskip=1 chroma_qp_offset=-2 threads=22 lookahead_threads=3 sliced_threads=0 nr=0 decimate=1 interlaced=0 bluray_compat=0 constrained_intra=0 bframes=3 b_pyramid=2 b_adapt=1 b_bias=0 direct=1 weightb=1 open_gop=0 weightp=2 keyint=250 keyint_min=24 scenecut=40 intra_refresh=0 rc_lookahead=40 rc=crf mbtree=1 crf=18.0 qcomp=0.60 qpmin=0 qpmax=69 qpstep=4 ip_ratio=1.40 aq=1:1.00
Output #0, mp4, to 'C:\course\unity\SandGuard\Docs\3.Ending\Video\production\previs49\SandGuard-Ending49-Previs.mp4':
  Metadata:
    encoder         : Lavf61.7.100
  Stream #0:0: Video: h264 (avc1 / 0x31637661), yuv420p(tv, unknown/bt709/iec61966-2-1, progressive), 1280x720 [SAR 1:1 DAR 16:9], q=2-31, 24 fps, 12288 tbn
      Metadata:
        encoder         : Lavc61.19.100 libx264
      Side data:
        cpb: bitrate max/min/avg: 0/0/0 buffer size: 0 vbv_delay: N/A
  Stream #0:1: Audio: aac (LC) (mp4a / 0x6134706D), 48000 Hz, stereo, fltp, 192 kb/s
      Metadata:
        encoder         : Lavc61.19.100 aac
frame=   29 fps=0.0 q=23.0 size=     256KiB time=00:00:01.12 bitrate=1864.5kbits/s speed=2.21x    
frame=  127 fps=122 q=23.0 size=    1280KiB time=00:00:05.20 bitrate=2013.3kbits/s speed=5.02x    
frame=  216 fps=138 q=23.0 size=    1792KiB time=00:00:08.91 bitrate=1646.4kbits/s speed=5.71x    
frame=  278 fps=134 q=23.0 size=    2816KiB time=00:00:11.50 bitrate=2006.0kbits/s speed=5.55x    
frame=  353 fps=136 q=23.0 size=    3584KiB time=00:00:14.62 bitrate=2007.6kbits/s speed=5.63x    
frame=  460 fps=148 q=23.0 size=    4608KiB time=00:00:19.08 bitrate=1978.1kbits/s speed=6.14x    
frame=  526 fps=145 q=23.0 size=    5632KiB time=00:00:21.83 bitrate=2113.2kbits/s speed=6.02x    
frame=  616 fps=149 q=23.0 size=    6144KiB time=00:00:25.58 bitrate=1967.4kbits/s speed=6.17x    
frame=  705 fps=151 q=23.0 size=    6912KiB time=00:00:29.29 bitrate=1933.1kbits/s speed=6.29x    
frame=  793 fps=153 q=23.0 size=    7680KiB time=00:00:32.95 bitrate=1908.9kbits/s speed=6.36x    
frame=  881 fps=155 q=23.0 size=    8704KiB time=00:00:36.62 bitrate=1946.9kbits/s speed=6.42x    
frame=  974 fps=156 q=23.0 size=    9472KiB time=00:00:40.50 bitrate=1915.9kbits/s speed= 6.5x    
frame= 1080 fps=160 q=23.0 size=   10496KiB time=00:00:44.91 bitrate=1914.3kbits/s speed=6.67x    
[mp4 @ 000001f797de2240] Starting second pass: moving the moov atom to the beginning of the file
[out#0/mp4 @ 000001f797dd44c0] video:9701KiB audio:1166KiB subtitle:0KiB other streams:0KiB global headers:0KiB muxing overhead: 0.316905%
frame= 1176 fps=167 q=-1.0 Lsize=   10901KiB time=00:00:48.91 bitrate=1825.6kbits/s speed=6.97x    
[libx264 @ 000001f797de2c00] frame I:16    Avg QP:10.81  size:100115
[libx264 @ 000001f797de2c00] frame P:320   Avg QP:14.91  size: 15531
[libx264 @ 000001f797de2c00] frame B:840   Avg QP:18.31  size:  4001
[libx264 @ 000001f797de2c00] consecutive B-frames:  3.2%  3.1%  4.6% 89.1%
[libx264 @ 000001f797de2c00] mb I  I16..4: 17.0% 63.4% 19.6%
[libx264 @ 000001f797de2c00] mb P  I16..4:  2.6%  5.2%  2.4%  P16..4: 26.9% 10.8%  7.3%  0.0%  0.0%    skip:44.9%
[libx264 @ 000001f797de2c00] mb B  I16..4:  0.2%  0.3%  0.1%  B16..8: 29.3%  3.0%  0.6%  direct: 1.1%  skip:65.3%  L0:41.9% L1:52.5% BI: 5.6%
[libx264 @ 000001f797de2c00] 8x8 transform intra:54.4% inter:79.2%
[libx264 @ 000001f797de2c00] coded y,uvDC,uvAC intra: 58.0% 49.1% 32.4% inter: 9.2% 7.5% 1.5%
[libx264 @ 000001f797de2c00] i16 v,h,dc,p: 31% 32% 12% 25%
[libx264 @ 000001f797de2c00] i8 v,h,dc,ddl,ddr,vr,hd,vl,hu: 18% 21% 37%  4%  4%  3%  5%  3%  6%
[libx264 @ 000001f797de2c00] i4 v,h,dc,ddl,ddr,vr,hd,vl,hu: 28% 24% 23%  4%  5%  4%  5%  3%  4%
[libx264 @ 000001f797de2c00] i8c dc,h,v,p: 56% 22% 16%  6%
[libx264 @ 000001f797de2c00] Weighted P-Frames: Y:3.4% UV:1.6%
[libx264 @ 000001f797de2c00] ref P L0: 64.2%  8.7% 17.9%  8.9%  0.2%
[libx264 @ 000001f797de2c00] ref B L0: 88.4%  9.1%  2.5%
[libx264 @ 000001f797de2c00] ref B L1: 95.1%  4.9%
[libx264 @ 000001f797de2c00] kb/s:1621.69
[aac @ 000001f7983ef900] Qavg: 597.986
