[Licensing::Module] Trying to connect to existing licensing client channel...
Built from '6000.2/respin/6000.2.8f1-e4064264ae96' branch; Version is '6000.2.8f1 (c9992ac36c34) revision 13211946'; Using compiler version '194234433'; Build Type 'Release'
[Licensing::IpcConnector] Successfully connected to: "LicenseClient-m" at "2026-09-09T03:17:06.493043Z"
OS: 'Windows 11  (10.0.26200) 64bit Core' Language: 'ko' Physical Memory: 32471 MB
BatchMode: 1, IsHumanControllingUs: 0, StartBugReporterOnCrash: 0, Is64bit: 1
Date: 2026-09-09T03:17:06Z

COMMAND LINE ARGUMENTS:
C:\Program Files\Unity\Hub\Editor\6000.2.8f1\Editor\Unity.exe
-batchmode
-quit
-projectPath
C:/course/unity/SandGuard
-executeMethod
SandGuard.Enemy.Editor.EnemyArtPreviewBuilder.BuildAndCapture
-logFile
C:/course/unity/SandGuard/Docs/model-art/enemy-preview-v1/final-check.log
Successfully changed project path to: C:/course/unity/SandGuard
C:/course/unity/SandGuard
[UnityMemory] Configuration Parameters - Can be set up in boot.config
    "memorysetup-allocator-temp-initial-block-size-main=262144"
    "memorysetup-allocator-temp-initial-block-size-worker=262144"
    "memorysetup-bucket-allocator-granularity=16"
    "memorysetup-bucket-allocator-bucket-count=8"
    "memorysetup-bucket-allocator-block-size=33554432"
    "memorysetup-bucket-allocator-block-count=8"
    "memorysetup-main-allocator-block-size=16777216"
    "memorysetup-thread-allocator-block-size=16777216"
    "memorysetup-gfx-main-allocator-block-size=16777216"
    "memorysetup-gfx-thread-allocator-block-size=16777216"
    "memorysetup-cache-allocator-block-size=4194304"
    "memorysetup-typetree-allocator-block-size=2097152"
    "memorysetup-profiler-bucket-allocator-granularity=16"
    "memorysetup-profiler-bucket-allocator-bucket-count=8"
    "memorysetup-profiler-bucket-allocator-block-size=33554432"
    "memorysetup-profiler-bucket-allocator-block-count=8"
    "memorysetup-profiler-allocator-block-size=16777216"
    "memorysetup-profiler-editor-allocator-block-size=1048576"
    "memorysetup-temp-allocator-size-main=16777216"
    "memorysetup-job-temp-allocator-block-size=2097152"
    "memorysetup-job-temp-allocator-block-size-background=1048576"
    "memorysetup-job-temp-allocator-reduction-small-platforms=262144"
    "memorysetup-temp-allocator-size-background-worker=32768"
    "memorysetup-temp-allocator-size-job-worker=262144"
    "memorysetup-temp-allocator-size-preload-manager=33554432"
    "memorysetup-temp-allocator-size-nav-mesh-worker=65536"
    "memorysetup-temp-allocator-size-audio-worker=65536"
    "memorysetup-temp-allocator-size-cloud-worker=32768"
    "memorysetup-temp-allocator-size-gi-baking-worker=262144"
    "memorysetup-temp-allocator-size-gi-baking-worker=262144"
    "memorysetup-temp-allocator-size-gi-baking-worker=262144"
    "memorysetup-temp-allocator-size-gi-baking-worker=262144"
    "memorysetup-temp-allocator-size-gi-baking-worker=262144"
    "memorysetup-temp-allocator-size-gfx=262144"
Player connection [33324]  Target information:

Player connection [33324]  * "[IP] 192.168.1.39 [Port] 55504 [Flags] 2 [Guid] 2644855091 [EditorId] 2644855091 [Version] 1048832 [Id] WindowsEditor(7,DESKTOP-LKQ38HD) [Debug] 1 [PackageName] WindowsEditor [ProjectName] Editor" 

Player connection [33324] Host joined multi-casting on [225.0.0.222:54997]...
Player connection [33324] Host joined alternative multi-casting on [225.0.0.222:34997]...
Input System module state changed to: Initialized.
[Physics::Module] Initialized fallback backend.
[Physics::Module] Id: 0xdecafbad
[Licensing::Client] Code 10 while verifying Licensing Client signature (process Id: 10048, path: "C:/Program Files/Unity Hub/UnityLicensingClient_V1/Unity.Licensing.Client.exe")
[Licensing::Module] LicensingClient has failed validation; ignoring
[Licensing::Client] Handshaking with LicensingClient:
  Version:                 1.18.3+d7ffd15
  Session Id:              ffd95fa205cf4ebeac27d95350853827
  Correlation Id:          7c3b9a8be6246d56f6010ffba2e4d3cc
  External correlation Id: 1608459445949414530
  Machine Id:              LB3ncWW38BJdHmRzKztJP09Q3ig=
[Licensing::Module] Successfully connected to LicensingClient on channel: "LicenseClient-m" (connect: 0.00s, validation: 0.00s, handshake: 0.04s)
[Licensing::IpcConnector] Successfully connected to: "LicenseClient-m-notifications" at "2026-09-09T03:17:06.5319948Z"
[Licensing::Module] Error: Access token is unavailable; failed to update
[Licensing::Client] Successfully resolved entitlement details
[Licensing::Module] License group:
  Id: F4-K5YW-SH7J-TNEA-5VZ3-XXXX
  Product: Unity Personal
  Type: ULF
  Expiration: 2026-10-16T04:15:44Z
[Licensing::Module] License group:
  Id: 14568940251572-UnityPersXXXX
  Product: Unity Personal
  Type: Assigned
  Expiration: Unlimited
[Licensing::Client] Successfully updated license, isAsync: True, time: 0.00
[Licensing::Client] Successfully resolved entitlement details
[Licensing::Module] License group:
  Id: F4-K5YW-SH7J-TNEA-5VZ3-XXXX
  Product: Unity Personal
  Type: ULF
  Expiration: 2026-10-16T04:15:44Z
[Licensing::Module] License group:
  Id: 14568940251572-UnityPersXXXX
  Product: Unity Personal
  Type: Assigned
  Expiration: Unlimited
[Licensing::Module] Licensing Background thread has ended after 0.06s
[Package Manager] Connected to IPC stream "Upm-488" after 0.2 seconds.
Library Redirect Path: Library/
[Physics::Module] Selected backend.
[Physics::Module] Name: PhysX
[Physics::Module] Id: 0xf2b8ea05
[Physics::Module] SDK Version: 4.1.2
[Physics::Module] Integration Version: 1.0.0
[Physics::Module] Threading Mode: Multi-Threaded
Refreshing native plugins compatible for Editor in 0.23 ms, found 0 plugins.
Preloading 0 native plugins for Editor in 0.00 ms.
Initialize engine version: 6000.2.8f1 (c9992ac36c34)
[Subsystems] Discovering subsystems at path C:/Program Files/Unity/Hub/Editor/6000.2.8f1/Editor/Data/Resources/UnitySubsystems
[Subsystems] Discovering subsystems at path C:/course/unity/SandGuard/Assets
GfxDevice: creating device client; kGfxThreadingModeNonThreaded
Direct3D:
    Version:  Direct3D 11.0 [level 11.1]
    Renderer: NVIDIA GeForce RTX 4060 Laptop GPU (ID=0x28a0)
    Vendor:   NVIDIA
    VRAM:     7956 MB
    Driver:   32.0.16.1078
Initialize mono
Mono path[0] = 'C:/Program Files/Unity/Hub/Editor/6000.2.8f1/Editor/Data/Managed'
Mono path[1] = 'C:/Program Files/Unity/Hub/Editor/6000.2.8f1/Editor/Data/MonoBleedingEdge/lib/mono/unityjit-win32'
Mono config path = 'C:/Program Files/Unity/Hub/Editor/6000.2.8f1/Editor/Data/MonoBleedingEdge/etc'
Using monoOptions --debugger-agent=transport=dt_socket,embedding=1,server=y,suspend=n,address=127.0.0.1:56488
Using cacheserver namespaces - metadata:defaultmetadata, artifacts:defaultartifacts
Using cacheserver namespaces - metadata:defaultmetadata, artifacts:defaultartifacts
ImportWorker Server TCP listen port: 0
AcceleratorClientConnectionCallback - disconnected - :0
Begin MonoManager ReloadAssembly
Registering precompiled unity dll's ...
Register platform support module: C:/Program Files/Unity/Hub/Editor/6000.2.8f1/Editor/Data/PlaybackEngines/WebGLSupport/UnityEditor.WebGL.Extensions.dll
Register platform support module: C:/Program Files/Unity/Hub/Editor/6000.2.8f1/Editor/Data/PlaybackEngines/WindowsStandaloneSupport/UnityEditor.WindowsStandalone.Extensions.dll
[Licensing::Client] Successfully resolved entitlement details
[Licensing::Module] License group:
  Id: F4-K5YW-SH7J-TNEA-5VZ3-XXXX
  Product: Unity Personal
  Type: ULF
  Expiration: 2026-10-16T04:17:09Z
[Licensing::Module] License group:
  Id: 14568940251572-UnityPersXXXX
  Product: Unity Personal
  Type: Assigned
  Expiration: Unlimited
Register platform support module: C:/Program Files/Unity/Hub/Editor/6000.2.8f1/Editor/Data/PlaybackEngines/AndroidPlayer/UnityEditor.Android.Extensions.dll
[Licensing::Client] Successfully resolved entitlement details
[Licensing::Module] License group:
  Id: F4-K5YW-SH7J-TNEA-5VZ3-XXXX
  Product: Unity Personal
  Type: ULF
  Expiration: 2026-10-16T04:17:09Z
[Licensing::Module] License group:
  Id: 14568940251572-UnityPersXXXX
  Product: Unity Personal
  Type: Assigned
  Expiration: Unlimited
Register platform support module: C:/Program Files/Unity/Hub/Editor/6000.2.8f1/Editor/Data/PlaybackEngines/iOSSupport/UnityEditor.iOS.Extensions.dll
Registered in 0.007865 seconds.
- Loaded All Assemblies, in  0.342 seconds
Native extension for iOS target not found
Native extension for Android target not found
Android Extension - Scanning For ADB Devices 2193 ms
Native extension for WindowsStandalone target not found
Native extension for WebGL target not found
Mono: successfully reloaded assembly
- Finished resetting the current domain, in  2.526 seconds
Domain Reload Profiling: 2866ms
	BeginReloadAssembly (111ms)
		ExecutionOrderSort (0ms)
		DisableScriptedObjects (0ms)
		BackupInstance (0ms)
		ReleaseScriptingObjects (0ms)
		CreateAndSetChildDomain (1ms)
	RebuildCommonClasses (30ms)
	RebuildNativeTypeToScriptingClass (9ms)
	initialDomainReloadingComplete (49ms)
	LoadAllAssembliesAndSetupDomain (140ms)
		LoadAssemblies (110ms)
		RebuildTransferFunctionScriptingTraits (0ms)
		AnalyzeDomain (137ms)
			TypeCache.Refresh (135ms)
				TypeCache.ScanAssembly (124ms)
			BuildScriptInfoCaches (0ms)
			ResolveRequiredComponents (0ms)
	FinalizeReload (2526ms)
		ReleaseScriptCaches (0ms)
		RebuildScriptCaches (0ms)
		SetupLoadedEditorAssemblies (2496ms)
			LogAssemblyErrors (0ms)
			InitializePlatformSupportModulesInManaged (2312ms)
			SetLoadedEditorAssemblies (3ms)
			BeforeProcessingInitializeOnLoad (48ms)
			ProcessInitializeOnLoadAttributes (88ms)
			ProcessInitializeOnLoadMethodAttributes (45ms)
			AfterProcessingInitializeOnLoad (0ms)
			EditorAssembliesLoaded (0ms)
		ExecutionOrderSort2 (0ms)
		AwakeInstancesAfterBackupRestoration (0ms)
[Licensing::Client] Successfully resolved entitlement details
[Licensing::Module] License group:
  Id: F4-K5YW-SH7J-TNEA-5VZ3-XXXX
  Product: Unity Personal
  Type: ULF
  Expiration: 2026-10-16T04:17:09Z
[Licensing::Module] License group:
  Id: 14568940251572-UnityPersXXXX
  Product: Unity Personal
  Type: Assigned
  Expiration: Unlimited
Application.AssetDatabase Initial Refresh Start
Package Manager log level set to [2]
[Package Manager] Restoring resolved packages state from cache
[Licensing::Client] Successfully resolved entitlement details
[Package Manager] Registered 58 packages:
  Packages from [https://packages.unity.com]:
    com.unity.ai.navigation@2.0.9 (location: C:\course\unity\SandGuard\Library\PackageCache\com.unity.ai.navigation@5218e4bf7edc)
    com.unity.collab-proxy@2.9.3 (location: C:\course\unity\SandGuard\Library\PackageCache\com.unity.collab-proxy@ab839cc7d2ad)
    com.unity.ide.rider@3.0.38 (location: C:\course\unity\SandGuard\Library\PackageCache\com.unity.ide.rider@1f60b3138684)
    com.unity.ide.visualstudio@2.0.23 (location: C:\course\unity\SandGuard\Library\PackageCache\com.unity.ide.visualstudio@198cdf337d13)
    com.unity.inputsystem@1.14.2 (location: C:\course\unity\SandGuard\Library\PackageCache\com.unity.inputsystem@be6c4fd0abf5)
    com.unity.pipeline@0.6.0-exp.1 (location: C:\course\unity\SandGuard\Library\PackageCache\com.unity.pipeline@9bb4172c603c)
    com.unity.timeline@1.8.9 (location: C:\course\unity\SandGuard\Library\PackageCache\com.unity.timeline@6b9e48457ddb)
    com.unity.visualscripting@1.9.7 (location: C:\course\unity\SandGuard\Library\PackageCache\com.unity.visualscripting@6279e2b7c485)
    com.unity.nuget.mono-cecil@1.11.6 (location: C:\course\unity\SandGuard\Library\PackageCache\com.unity.nuget.mono-cecil@ecb9724e46ff)
    com.unity.nuget.newtonsoft-json@3.2.1 (location: C:\course\unity\SandGuard\Library\PackageCache\com.unity.nuget.newtonsoft-json@74deb55db2a0)
    com.unity.searcher@4.9.3 (location: C:\course\unity\SandGuard\Library\PackageCache\com.unity.searcher@1e17ce91558d)
    com.unity.burst@1.8.25 (location: C:\course\unity\SandGuard\Library\PackageCache\com.unity.burst@1df634d836b8)
    com.unity.mathematics@1.3.2 (location: C:\course\unity\SandGuard\Library\PackageCache\com.unity.mathematics@8017b507cc74)
    com.unity.collections@2.5.7 (location: C:\course\unity\SandGuard\Library\PackageCache\com.unity.collections@d49facba0036)
    com.unity.test-framework.performance@3.2.0 (location: C:\course\unity\SandGuard\Library\PackageCache\com.unity.test-framework.performance@0840f58e4562)
  Built-in packages:
    com.unity.multiplayer.center@1.0.0 (location: C:\course\unity\SandGuard\Library\PackageCache\com.unity.multiplayer.center@f3fb577b3546)
    com.unity.render-pipelines.universal@17.2.0 (location: C:\course\unity\SandGuard\Library\PackageCache\com.unity.render-pipelines.universal@cc5029882822)
    com.unity.test-framework@1.6.0 (location: C:\course\unity\SandGuard\Library\PackageCache\com.unity.test-framework@d97b7cd61ded)
    com.unity.ugui@2.0.0 (location: C:\course\unity\SandGuard\Library\PackageCache\com.unity.ugui@8d7885e629a4)
    com.unity.modules.accessibility@1.0.0 (location: C:\Program Files\Unity\Hub\Editor\6000.2.8f1\Editor\Data\Resources\PackageManager\BuiltInPackages\com.unity.modules.accessibility)
    com.unity.modules.ai@1.0.0 (location: C:\Program Files\Unity\Hub\Editor\6000.2.8f1\Editor\Data\Resources\PackageManager\BuiltInPackages\com.unity.modules.ai)
    com.unity.modules.androidjni@1.0.0 (location: C:\Program Files\Unity\Hub\Editor\6000.2.8f1\Editor\Data\Resources\PackageManager\BuiltInPackages\com.unity.modules.androidjni)
    com.unity.modules.animation@1.0.0 (location: C:\Program Files\Unity\Hub\Editor\6000.2.8f1\Editor\Data\Resources\PackageManager\BuiltInPackages\com.unity.modules.animation)
    com.unity.modules.assetbundle@1.0.0 (location: C:\Program Files\Unity\Hub\Editor\6000.2.8f1\Editor\Data\Resources\PackageManager\BuiltInPackages\com.unity.modules.assetbundle)
    com.unity.modules.audio@1.0.0 (location: C:\Program Files\Unity\Hub\Editor\6000.2.8f1\Editor\Data\Resources\PackageManager\BuiltInPackages\com.unity.modules.audio)
    com.unity.modules.cloth@1.0.0 (location: C:\Program Files\Unity\Hub\Editor\6000.2.8f1\Editor\Data\Resources\PackageManager\BuiltInPackages\com.unity.modules.cloth)
    com.unity.modules.director@1.0.0 (location: C:\Program Files\Unity\Hub\Editor\6000.2.8f1\Editor\Data\Resources\PackageManager\BuiltInPackages\com.unity.modules.director)
    com.unity.modules.imageconversion@1.0.0 (location: C:\Program Files\Unity\Hub\Editor\6000.2.8f1\Editor\Data\Resources\PackageManager\BuiltInPackages\com.unity.modules.imageconversion)
    com.unity.modules.imgui@1.0.0 (location: C:\Program Files\Unity\Hub\Editor\6000.2.8f1\Editor\Data\Resources\PackageManager\BuiltInPackages\com.unity.modules.imgui)
    com.unity.modules.jsonserialize@1.0.0 (location: C:\Program Files\Unity\Hub\Editor\6000.2.8f1\Editor\Data\Resources\PackageManager\BuiltInPackages\com.unity.modules.jsonserialize)
    com.unity.modules.particlesystem@1.0.0 (location: C:\Program Files\Unity\Hub\Editor\6000.2.8f1\Editor\Data\Resources\PackageManager\BuiltInPackages\com.unity.modules.particlesystem)
    com.unity.modules.physics@1.0.0 (location: C:\Program Files\Unity\Hub\Editor\6000.2.8f1\Editor\Data\Resources\PackageManager\BuiltInPackages\com.unity.modules.physics)
    com.unity.modules.physics2d@1.0.0 (location: C:\Program Files\Unity\Hub\Editor\6000.2.8f1\Editor\Data\Resources\PackageManager\BuiltInPackages\com.unity.modules.physics2d)
    com.unity.modules.screencapture@1.0.0 (location: C:\Program Files\Unity\Hub\Editor\6000.2.8f1\Editor\Data\Resources\PackageManager\BuiltInPackages\com.unity.modules.screencapture)
    com.unity.modules.terrain@1.0.0 (location: C:\Program Files\Unity\Hub\Editor\6000.2.8f1\Editor\Data\Resources\PackageManager\BuiltInPackages\com.unity.modules.terrain)
    com.unity.modules.terrainphysics@1.0.0 (location: C:\Program Files\Unity\Hub\Editor\6000.2.8f1\Editor\Data\Resources\PackageManager\BuiltInPackages\com.unity.modules.terrainphysics)
    com.unity.modules.tilemap@1.0.0 (location: C:\Program Files\Unity\Hub\Editor\6000.2.8f1\Editor\Data\Resources\PackageManager\BuiltInPackages\com.unity.modules.tilemap)
    com.unity.modules.ui@1.0.0 (location: C:\Program Files\Unity\Hub\Editor\6000.2.8f1\Editor\Data\Resources\PackageManager\BuiltInPackages\com.unity.modules.ui)
    com.unity.modules.uielements@1.0.0 (location: C:\Program Files\Unity\Hub\Editor\6000.2.8f1\Editor\Data\Resources\PackageManager\BuiltInPackages\com.unity.modules.uielements)
    com.unity.modules.umbra@1.0.0 (location: C:\Program Files\Unity\Hub\Editor\6000.2.8f1\Editor\Data\Resources\PackageManager\BuiltInPackages\com.unity.modules.umbra)
    com.unity.modules.unityanalytics@1.0.0 (location: C:\Program Files\Unity\Hub\Editor\6000.2.8f1\Editor\Data\Resources\PackageManager\BuiltInPackages\com.unity.modules.unityanalytics)
    com.unity.modules.unitywebrequest@1.0.0 (location: C:\Program Files\Unity\Hub\Editor\6000.2.8f1\Editor\Data\Resources\PackageManager\BuiltInPackages\com.unity.modules.unitywebrequest)
    com.unity.modules.unitywebrequestassetbundle@1.0.0 (location: C:\Program Files\Unity\Hub\Editor\6000.2.8f1\Editor\Data\Resources\PackageManager\BuiltInPackages\com.unity.modules.unitywebrequestassetbundle)
    com.unity.modules.unitywebrequestaudio@1.0.0 (location: C:\Program Files\Unity\Hub\Editor\6000.2.8f1\Editor\Data\Resources\PackageManager\BuiltInPackages\com.unity.modules.unitywebrequestaudio)
    com.unity.modules.unitywebrequesttexture@1.0.0 (location: C:\Program Files\Unity\Hub\Editor\6000.2.8f1\Editor\Data\Resources\PackageManager\BuiltInPackages\com.unity.modules.unitywebrequesttexture)
    com.unity.modules.unitywebrequestwww@1.0.0 (location: C:\Program Files\Unity\Hub\Editor\6000.2.8f1\Editor\Data\Resources\PackageManager\BuiltInPackages\com.unity.modules.unitywebrequestwww)
    com.unity.modules.vehicles@1.0.0 (location: C:\Program Files\Unity\Hub\Editor\6000.2.8f1\Editor\Data\Resources\PackageManager\BuiltInPackages\com.unity.modules.vehicles)
    com.unity.modules.video@1.0.0 (location: C:\Program Files\Unity\Hub\Editor\6000.2.8f1\Editor\Data\Resources\PackageManager\BuiltInPackages\com.unity.modules.video)
    com.unity.modules.vr@1.0.0 (location: C:\Program Files\Unity\Hub\Editor\6000.2.8f1\Editor\Data\Resources\PackageManager\BuiltInPackages\com.unity.modules.vr)
    com.unity.modules.wind@1.0.0 (location: C:\Program Files\Unity\Hub\Editor\6000.2.8f1\Editor\Data\Resources\PackageManager\BuiltInPackages\com.unity.modules.wind)
    com.unity.modules.xr@1.0.0 (location: C:\Program Files\Unity\Hub\Editor\6000.2.8f1\Editor\Data\Resources\PackageManager\BuiltInPackages\com.unity.modules.xr)
    com.unity.modules.subsystems@1.0.0 (location: C:\Program Files\Unity\Hub\Editor\6000.2.8f1\Editor\Data\Resources\PackageManager\BuiltInPackages\com.unity.modules.subsystems)
    com.unity.modules.hierarchycore@1.0.0 (location: C:\Program Files\Unity\Hub\Editor\6000.2.8f1\Editor\Data\Resources\PackageManager\BuiltInPackages\com.unity.modules.hierarchycore)
    com.unity.ext.nunit@2.0.5 (location: C:\course\unity\SandGuard\Library\PackageCache\com.unity.ext.nunit@031a54704bff)
    com.unity.render-pipelines.core@17.2.0 (location: C:\course\unity\SandGuard\Library\PackageCache\com.unity.render-pipelines.core@60896ea171dc)
    com.unity.shadergraph@17.2.0 (location: C:\course\unity\SandGuard\Library\PackageCache\com.unity.shadergraph@2c9221ffedf4)
    com.unity.render-pipelines.universal-config@17.0.3 (location: C:\course\unity\SandGuard\Library\PackageCache\com.unity.render-pipelines.universal-config@8dc1aab4af1d)
    com.unity.rendering.light-transport@1.0.1 (location: C:\course\unity\SandGuard\Library\PackageCache\com.unity.rendering.light-transport@2c9279f90d7c)
[Subsystems] No new subsystems found in resolved package list.
[Package Manager] Done registering packages in 0.03 seconds
[ScriptCompilation] Requested script compilation because: Assetdatabase observed changes in script compilation related files
Duplicate assembly 'System.Runtime.CompilerServices.Unsafe.dll' with different versions detected, using 'Packages/com.unity.collections/Unity.Collections.Tests/System.Runtime.CompilerServices.Unsafe/System.Runtime.CompilerServices.Unsafe.dll, AssemblyName=System.Runtime.CompilerServices.Unsafe, Version=6.0.0.0, Culture=neutral, PublicKeyToken=b03f5f7f11d50a3a' and ignoring 'Packages/com.unity.pipeline/Runtime/Plugins/CodeAnalysis/System.Runtime.CompilerServices.Unsafe.dll, AssemblyName=System.Runtime.CompilerServices.Unsafe, Version=4.0.4.0, Culture=neutral, PublicKeyToken=b03f5f7f11d50a3a'.Starting: C:\Program Files\Unity\Hub\Editor\6000.2.8f1\Editor\Data\bee_backend.exe --ipc --defer-dag-verification --dagfile="Library/Bee/1900b0aE.dag" --continue-on-failure --profile="Library/Bee/backend1.traceevents" ScriptAssemblies
WorkingDir: C:/course/unity/SandGuard
DisplayProgressbar: Compiling Scripts
ExitCode: 0 Duration: 4s275ms
[ 834/1091  0s] ILPP-Configuration Library/ilpp-configuration.nevergeneratedoutput
[1063/1091  1s] Csc Library/Bee/artifacts/1900b0aE.dag/SandGuard.Enemy.Runtime.dll (+2 others)
[1064/1091  0s] Csc Library/Bee/artifacts/1900b0aE.dag/SandGuard.PlayerAndEnemy.Runtime.dll (+2 others)
[1065/1091  0s] Csc Library/Bee/artifacts/1900b0aE.dag/SandGuard.Enemy.Tests.dll (+2 others)
[1066/1091  0s] ILPostProcess Library/Bee/artifacts/1900b0aE.dag/post-processed/SandGuard.Enemy.Runtime.dll (+pdb)
Processing assembly Library/Bee/artifacts/1900b0aE.dag/SandGuard.Enemy.Runtime.dll, with 133 defines and 285 references

processors: Unity.Jobs.CodeGen.JobsILPostProcessor, Unity.Pipeline.CodeGen.HotReloadInPlaceILPostProcessor, zzzUnity.Burst.CodeGen.BurstILPostProcessor

running Unity.Jobs.CodeGen.JobsILPostProcessor

running Unity.Pipeline.CodeGen.HotReloadInPlaceILPostProcessor

running zzzUnity.Burst.CodeGen.BurstILPostProcessor
[1067/1091  0s] Csc Library/Bee/artifacts/1900b0aE.dag/SandGuard.Enemy.Editor.dll (+2 others)
[1068/1091  0s] ILPostProcess Library/Bee/artifacts/1900b0aE.dag/post-processed/SandGuard.Enemy.Tests.dll (+pdb)
Processing assembly Library/Bee/artifacts/1900b0aE.dag/SandGuard.Enemy.Tests.dll, with 133 defines and 259 references

processors: Unity.Jobs.CodeGen.JobsILPostProcessor, Unity.Pipeline.CodeGen.HotReloadInPlaceILPostProcessor, zzzUnity.Burst.CodeGen.BurstILPostProcessor

running Unity.Jobs.CodeGen.JobsILPostProcessor

running Unity.Pipeline.CodeGen.HotReloadInPlaceILPostProcessor

running zzzUnity.Burst.CodeGen.BurstILPostProcessor
[1069/1091  0s] ILPostProcess Library/Bee/artifacts/1900b0aE.dag/post-processed/SandGuard.PlayerAndEnemy.Runtime.dll (+pdb)
Processing assembly Library/Bee/artifacts/1900b0aE.dag/SandGuard.PlayerAndEnemy.Runtime.dll, with 133 defines and 287 references

processors: Unity.Jobs.CodeGen.JobsILPostProcessor, Unity.Pipeline.CodeGen.HotReloadInPlaceILPostProcessor, zzzUnity.Burst.CodeGen.BurstILPostProcessor

running Unity.Jobs.CodeGen.JobsILPostProcessor

running Unity.Pipeline.CodeGen.HotReloadInPlaceILPostProcessor

running zzzUnity.Burst.CodeGen.BurstILPostProcessor
[1070/1091  0s] CopyFiles Library/ScriptAssemblies/SandGuard.Enemy.Runtime.pdb
[1071/1091  0s] CopyFiles Library/ScriptAssemblies/SandGuard.PlayerAndEnemy.Runtime.pdb
[1072/1091  0s] CopyFiles Library/ScriptAssemblies/SandGuard.Enemy.Tests.pdb
[1073/1091  0s] Csc Library/Bee/artifacts/1900b0aE.dag/SandGuard.PlayerAndEnemy.Tests.dll (+2 others)
[1074/1091  0s] ILPostProcess Library/Bee/artifacts/1900b0aE.dag/post-processed/SandGuard.PlayerAndEnemy.Tests.dll (+pdb)
Processing assembly Library/Bee/artifacts/1900b0aE.dag/SandGuard.PlayerAndEnemy.Tests.dll, with 133 defines and 260 references

processors: Unity.Jobs.CodeGen.JobsILPostProcessor, Unity.Pipeline.CodeGen.HotReloadInPlaceILPostProcessor, zzzUnity.Burst.CodeGen.BurstILPostProcessor

running Unity.Jobs.CodeGen.JobsILPostProcessor

running Unity.Pipeline.CodeGen.HotReloadInPlaceILPostProcessor

running zzzUnity.Burst.CodeGen.BurstILPostProcessor
[1075/1091  0s] CopyFiles Library/ScriptAssemblies/SandGuard.Enemy.Tests.dll
[1076/1091  0s] Csc Library/Bee/artifacts/1900b0aE.dag/SandGuard.PlayerAndEnemy.Editor.dll (+2 others)
[1077/1091  0s] CopyFiles Library/ScriptAssemblies/SandGuard.PlayerAndEnemy.Runtime.dll
[1078/1091  0s] CopyFiles Library/ScriptAssemblies/SandGuard.PlayerAndEnemy.Tests.pdb
[1079/1091  0s] ILPostProcess Library/Bee/artifacts/1900b0aE.dag/post-processed/SandGuard.Enemy.Editor.dll (+pdb)
Processing assembly Library/Bee/artifacts/1900b0aE.dag/SandGuard.Enemy.Editor.dll, with 131 defines and 293 references

processors: Unity.Jobs.CodeGen.JobsILPostProcessor, Unity.Pipeline.CodeGen.HotReloadInPlaceILPostProcessor, zzzUnity.Burst.CodeGen.BurstILPostProcessor

running Unity.Jobs.CodeGen.JobsILPostProcessor

running Unity.Pipeline.CodeGen.HotReloadInPlaceILPostProcessor

running zzzUnity.Burst.CodeGen.BurstILPostProcessor
[1080/1091  0s] CopyFiles Library/ScriptAssemblies/SandGuard.Enemy.Editor.pdb
[1081/1091  0s] ILPostProcess Library/Bee/artifacts/1900b0aE.dag/post-processed/SandGuard.PlayerAndEnemy.Editor.dll (+pdb)
Processing assembly Library/Bee/artifacts/1900b0aE.dag/SandGuard.PlayerAndEnemy.Editor.dll, with 131 defines and 300 references

processors: Unity.Jobs.CodeGen.JobsILPostProcessor, Unity.Pipeline.CodeGen.HotReloadInPlaceILPostProcessor, zzzUnity.Burst.CodeGen.BurstILPostProcessor

running Unity.Jobs.CodeGen.JobsILPostProcessor

running Unity.Pipeline.CodeGen.HotReloadInPlaceILPostProcessor

running zzzUnity.Burst.CodeGen.BurstILPostProcessor
[1082/1091  0s] CopyFiles Library/ScriptAssemblies/SandGuard.PlayerAndEnemy.Editor.pdb
[1083/1091  0s] CopyFiles Library/ScriptAssemblies/SandGuard.PlayerAndEnemy.Tests.dll
[1084/1091  0s] CopyFiles Library/ScriptAssemblies/SandGuard.Enemy.Runtime.dll
[1085/1091  0s] CopyFiles Library/ScriptAssemblies/SandGuard.PlayerAndEnemy.Editor.dll
[1086/1091  0s] CopyFiles Library/ScriptAssemblies/SandGuard.Enemy.Editor.dll
[1087/1091  0s] Csc Library/Bee/artifacts/1900b0aE.dag/Assembly-CSharp-Editor.dll (+2 others)
[1088/1091  0s] ILPostProcess Library/Bee/artifacts/1900b0aE.dag/post-processed/Assembly-CSharp-Editor.dll (+pdb)
Processing assembly Library/Bee/artifacts/1900b0aE.dag/Assembly-CSharp-Editor.dll, with 131 defines and 360 references

processors: Unity.Jobs.CodeGen.JobsILPostProcessor, Unity.Pipeline.CodeGen.HotReloadInPlaceILPostProcessor, zzzUnity.Burst.CodeGen.BurstILPostProcessor

running Unity.Jobs.CodeGen.JobsILPostProcessor

running Unity.Pipeline.CodeGen.HotReloadInPlaceILPostProcessor

running zzzUnity.Burst.CodeGen.BurstILPostProcessor
[1089/1091  0s] CopyFiles Library/ScriptAssemblies/Assembly-CSharp-Editor.pdb
[1090/1091  0s] CopyFiles Library/ScriptAssemblies/Assembly-CSharp-Editor.dll
*** Tundra build success (4.25 seconds), 29 items updated, 1091 evaluated
AssetDatabase: script compilation time: 4.724907s
Begin MonoManager ReloadAssembly
Duplicate assembly 'System.Runtime.CompilerServices.Unsafe.dll' with different versions detected, using 'Packages/com.unity.collections/Unity.Collections.Tests/System.Runtime.CompilerServices.Unsafe/System.Runtime.CompilerServices.Unsafe.dll, AssemblyName=System.Runtime.CompilerServices.Unsafe, Version=6.0.0.0, Culture=neutral, PublicKeyToken=b03f5f7f11d50a3a' and ignoring 'Packages/com.unity.pipeline/Runtime/Plugins/CodeAnalysis/System.Runtime.CompilerServices.Unsafe.dll, AssemblyName=System.Runtime.CompilerServices.Unsafe, Version=4.0.4.0, Culture=neutral, PublicKeyToken=b03f5f7f11d50a3a'.- Loaded All Assemblies, in  2.091 seconds
Refreshing native plugins compatible for Editor in 1.16 ms, found 3 plugins.
Native extension for iOS target not found
Native extension for Android target not found
Native extension for WindowsStandalone target not found
Native extension for WebGL target not found
Duplicate assembly 'System.Runtime.CompilerServices.Unsafe.dll' with different versions detected, using 'Packages/com.unity.collections/Unity.Collections.Tests/System.Runtime.CompilerServices.Unsafe/System.Runtime.CompilerServices.Unsafe.dll, AssemblyName=System.Runtime.CompilerServices.Unsafe, Version=6.0.0.0, Culture=neutral, PublicKeyToken=b03f5f7f11d50a3a' and ignoring 'Packages/com.unity.pipeline/Runtime/Plugins/CodeAnalysis/System.Runtime.CompilerServices.Unsafe.dll, AssemblyName=System.Runtime.CompilerServices.Unsafe, Version=4.0.4.0, Culture=neutral, PublicKeyToken=b03f5f7f11d50a3a'.Start HTTP server: port:7800
WriteToProjectRoot failed: Access to the path "C:\course\unity\SandGuard\Library\Pipeline\.unity-pipeline-port" is denied.
UnityEngine.Debug:ExtractStackTraceNoAlloc (byte*,int,string)
UnityEngine.StackTraceUtility:ExtractStackTrace ()
UnityEngine.DebugLogHandler:Internal_Log (UnityEngine.LogType,UnityEngine.LogOption,string,UnityEngine.Object)
UnityEngine.DebugLogHandler:LogFormat (UnityEngine.LogType,UnityEngine.Object,string,object[])
UnityEngine.Logger:Log (UnityEngine.LogType,object)
UnityEngine.Debug:LogError (object)
Unity.Pipeline.Models.InstanceDescriptor:WriteToProjectRootLocked (Unity.Pipeline.Models.InstanceDescriptor) (at ./Library/PackageCache/com.unity.pipeline@9bb4172c603c/Runtime/Models/InstanceDescriptor.cs:196)
Unity.Pipeline.Models.InstanceDescriptor:WriteToProjectRoot (Unity.Pipeline.Models.InstanceDescriptor) (at ./Library/PackageCache/com.unity.pipeline@9bb4172c603c/Runtime/Models/InstanceDescriptor.cs:174)
Unity.Pipeline.Editor.EditorPipelineServer:CreateInstanceDescriptor () (at ./Library/PackageCache/com.unity.pipeline@9bb4172c603c/Editor/EditorPipelineServer.cs:284)
Unity.Pipeline.BasePipelineServer:Start (int) (at ./Library/PackageCache/com.unity.pipeline@9bb4172c603c/Runtime/Common/BasePipelineServer.cs:301)
Unity.Pipeline.Editor.PipelineServerStartup:StartServer () (at ./Library/PackageCache/com.unity.pipeline@9bb4172c603c/Editor/EditorPipelineStartup.cs:212)
Unity.Pipeline.Editor.PipelineServerStartup:.cctor () (at ./Library/PackageCache/com.unity.pipeline@9bb4172c603c/Editor/EditorPipelineStartup.cs:65)
System.Runtime.CompilerServices.RuntimeHelpers:RunClassConstructor (System.RuntimeTypeHandle)
UnityEditor.EditorAssemblies:ProcessInitializeOnLoadAttributes (System.Type[])

(Filename: ./Library/PackageCache/com.unity.pipeline@9bb4172c603c/Runtime/Models/InstanceDescriptor.cs Line: 196)

Descriptor: C:\course\unity\SandGuard, PID: 488
UnityEngine.Debug:ExtractStackTraceNoAlloc (byte*,int,string)
UnityEngine.StackTraceUtility:ExtractStackTrace ()
UnityEngine.DebugLogHandler:Internal_Log (UnityEngine.LogType,UnityEngine.LogOption,string,UnityEngine.Object)
UnityEngine.DebugLogHandler:LogFormat (UnityEngine.LogType,UnityEngine.Object,string,object[])
UnityEngine.Logger:Log (UnityEngine.LogType,object)
UnityEngine.Debug:LogError (object)
Unity.Pipeline.Models.InstanceDescriptor:WriteToProjectRootLocked (Unity.Pipeline.Models.InstanceDescriptor) (at ./Library/PackageCache/com.unity.pipeline@9bb4172c603c/Runtime/Models/InstanceDescriptor.cs:197)
Unity.Pipeline.Models.InstanceDescriptor:WriteToProjectRoot (Unity.Pipeline.Models.InstanceDescriptor) (at ./Library/PackageCache/com.unity.pipeline@9bb4172c603c/Runtime/Models/InstanceDescriptor.cs:174)
Unity.Pipeline.Editor.EditorPipelineServer:CreateInstanceDescriptor () (at ./Library/PackageCache/com.unity.pipeline@9bb4172c603c/Editor/EditorPipelineServer.cs:284)
Unity.Pipeline.BasePipelineServer:Start (int) (at ./Library/PackageCache/com.unity.pipeline@9bb4172c603c/Runtime/Common/BasePipelineServer.cs:301)
Unity.Pipeline.Editor.PipelineServerStartup:StartServer () (at ./Library/PackageCache/com.unity.pipeline@9bb4172c603c/Editor/EditorPipelineStartup.cs:212)
Unity.Pipeline.Editor.PipelineServerStartup:.cctor () (at ./Library/PackageCache/com.unity.pipeline@9bb4172c603c/Editor/EditorPipelineStartup.cs:65)
System.Runtime.CompilerServices.RuntimeHelpers:RunClassConstructor (System.RuntimeTypeHandle)
UnityEditor.EditorAssemblies:ProcessInitializeOnLoadAttributes (System.Type[])

(Filename: ./Library/PackageCache/com.unity.pipeline@9bb4172c603c/Runtime/Models/InstanceDescriptor.cs Line: 197)

Failed to start Pipeline Server: Access to the path "C:\course\unity\SandGuard\Library\Pipeline\.unity-pipeline-port" is denied.
UnityEngine.Debug:ExtractStackTraceNoAlloc (byte*,int,string)
UnityEngine.StackTraceUtility:ExtractStackTrace ()
UnityEngine.DebugLogHandler:Internal_Log (UnityEngine.LogType,UnityEngine.LogOption,string,UnityEngine.Object)
UnityEngine.DebugLogHandler:LogFormat (UnityEngine.LogType,UnityEngine.Object,string,object[])
UnityEngine.Logger:Log (UnityEngine.LogType,object)
UnityEngine.Debug:LogError (object)
Unity.Pipeline.Editor.PipelineServerStartup:StartServer () (at ./Library/PackageCache/com.unity.pipeline@9bb4172c603c/Editor/EditorPipelineStartup.cs:226)
Unity.Pipeline.Editor.PipelineServerStartup:.cctor () (at ./Library/PackageCache/com.unity.pipeline@9bb4172c603c/Editor/EditorPipelineStartup.cs:65)
System.Runtime.CompilerServices.RuntimeHelpers:RunClassConstructor (System.RuntimeTypeHandle)
UnityEditor.EditorAssemblies:ProcessInitializeOnLoadAttributes (System.Type[])

(Filename: ./Library/PackageCache/com.unity.pipeline@9bb4172c603c/Editor/EditorPipelineStartup.cs Line: 226)

Mono: successfully reloaded assembly
- Finished resetting the current domain, in  3.031 seconds
Domain Reload Profiling: 5117ms
	BeginReloadAssembly (273ms)
		ExecutionOrderSort (0ms)
		DisableScriptedObjects (12ms)
		BackupInstance (0ms)
		ReleaseScriptingObjects (0ms)
		CreateAndSetChildDomain (139ms)
	RebuildCommonClasses (31ms)
	RebuildNativeTypeToScriptingClass (10ms)
	initialDomainReloadingComplete (33ms)
	LoadAllAssembliesAndSetupDomain (1740ms)
		LoadAssemblies (1528ms)
		RebuildTransferFunctionScriptingTraits (0ms)
		AnalyzeDomain (298ms)
			TypeCache.Refresh (240ms)
				TypeCache.ScanAssembly (224ms)
			BuildScriptInfoCaches (45ms)
			ResolveRequiredComponents (9ms)
	FinalizeReload (3031ms)
		ReleaseScriptCaches (0ms)
		RebuildScriptCaches (0ms)
		SetupLoadedEditorAssemblies (2836ms)
			LogAssemblyErrors (0ms)
			InitializePlatformSupportModulesInManaged (49ms)
			SetLoadedEditorAssemblies (3ms)
			BeforeProcessingInitializeOnLoad (126ms)
			ProcessInitializeOnLoadAttributes (2603ms)
			ProcessInitializeOnLoadMethodAttributes (50ms)
			AfterProcessingInitializeOnLoad (5ms)
			EditorAssembliesLoaded (0ms)
		ExecutionOrderSort2 (0ms)
		AwakeInstancesAfterBackupRestoration (9ms)
Refreshing native plugins compatible for Editor in 0.84 ms, found 3 plugins.
Preloading 0 native plugins for Editor in 0.00 ms.
Asset Pipeline Refresh (id=c42e220871279d24fbd752a7267214d5): Total: 10.647 seconds - Initiated by InitialRefreshV2(ForceSynchronousImport)
	Summary:
		Imports: total=0 (actual=0, local cache=0, cache server=0)
		Asset DB Process Time: managed=0 ms, native=3444 ms
		Asset DB Callback time: managed=297 ms, native=38 ms
		Scripting: domain reloads=1, domain reload time=2091 ms, compile time=4727 ms, other=48 ms
		Project Asset Count: scripts=1471, non-scripts=3251
		Asset File Changes: new=0, changed=2, moved=0, deleted=0
		Scan Filter Count: 0
	InvokeCustomDependenciesCallbacks: 0.001ms
	InvokePackagesCallback: 30.960ms
	ApplyChangesToAssetFolders: 0.541ms
	Scan: 125.136ms
	OnSourceAssetsModified: 0.803ms
	CategorizeAssetsWithTransientArtifact: 46.119ms
	ProcessAssetsWithTransientArtifactChanges: 66.667ms
	CategorizeAssets: 44.035ms
	ImportOutOfDateAssets: 3040.381ms (-1688.638ms without children)
		CompileScripts: 4726.583ms
		ReloadNativeAssets: 0.021ms
		UnloadImportedAssets: 0.790ms
		EnsureUptoDateAssetsAreRegisteredWithGuidPM: 0.969ms
		InitializingProgressBar: 0.000ms
		PostProcessAllAssetNotificationsAddChangedAssets: 0.001ms
		OnDemandSchedulerStart: 0.655ms
	PostProcessAllAssets: 303.125ms
	Hotreload: 2.006ms
	GatherAllCurrentPrimaryArtifactRevisions: 0.002ms
	UnloadStreamsBegin: 1.756ms
	PersistCurrentRevisions: 0.216ms
	UnloadStreamsEnd: 0.001ms
	GenerateScriptTypeHashes: 2.773ms
	Untracked: 6985.444ms

Application.AssetDatabase Initial Refresh End
Launched and connected shader compiler UnityShaderCompiler.exe after 0.01 seconds
Scanning for USB devices : 2.371ms
Initializing Unity extensions:
[MODES] ModeService[none].Initialize
[MODES] ModeService[none].LoadModes
[MODES] Loading mode Default (0) for mode-current-id-DesertTower
Unloading 16 Unused Serialized files (Serialized files now loaded: 0)
Unloading 6657 unused Assets / (4.4 MB). Loaded Objects now: 7386.
Memory consumption went from 198.7 MB to 194.4 MB.
Total: 9.808000 ms (FindLiveObjects: 0.421100 ms CreateObjectMapping: 0.306000 ms MarkObjects: 5.755000 ms  DeleteObjects: 3.320300 ms)

Asset Pipeline Refresh (id=943dd96d543ab8446a6ededfae212769): Total: 0.039 seconds - Initiated by RefreshV2(NoUpdateAssetOptions)
Start importing Assets/Enemy/Art/Characters/Swordsman/Swordsman_BaseColor.png using Guid(b25a898d488ee484cbea8b140fbf435b) (TextureImporter) -> (artifact id: '8b1a3d9c0013a76ce31665183eab2680') in 0.175237 seconds
Refreshing native plugins compatible for Editor in 0.95 ms, found 3 plugins.
Preloading 0 native plugins for Editor in 0.00 ms.
Asset Pipeline Refresh (id=929c2ad329c21884fa691e2beb53f129): Total: 0.202 seconds - Initiated by StopAssetImportingV2(NoUpdateAssetOptions)
Start importing Assets/Enemy/Art/Characters/Swordsman/Swordsman_Body.fbx using Guid(e71739ffae46db547bc87ae83bef9a30) (FBXImporter) -> (artifact id: 'aa9417c38203c7e8ad0f92e90082bf56') in 0.053815 seconds
Refreshing native plugins compatible for Editor in 0.80 ms, found 3 plugins.
Preloading 0 native plugins for Editor in 0.00 ms.
Asset Pipeline Refresh (id=b05ebaf1107cd5340af87215231ec65b): Total: 0.071 seconds - Initiated by StopAssetImportingV2(NoUpdateAssetOptions)
Asset Pipeline Refresh (id=5c3fe40d85e203141b72b1da178c4e50): Total: 0.010 seconds - Initiated by StopAssetImportingV2(NoUpdateAssetOptions)
Start importing Assets/Enemy/Art/Characters/Assassin/Assassin_BaseColor.png using Guid(b4bbfb9379205124e899382018ae771d) (TextureImporter) -> (artifact id: '0983d4eee2b00f9a0d121ce76d6f1a11') in 0.1716975 seconds
Refreshing native plugins compatible for Editor in 0.80 ms, found 3 plugins.
Preloading 0 native plugins for Editor in 0.00 ms.
Asset Pipeline Refresh (id=89139e776f1a5c049ac07c7c7405c901): Total: 0.185 seconds - Initiated by StopAssetImportingV2(NoUpdateAssetOptions)
Start importing Assets/Enemy/Art/Characters/Assassin/Assassin_Body.fbx using Guid(ee9a2efcd608a0d458b9bda3a6eaa8a3) (FBXImporter) -> (artifact id: 'c34ed07e5913bdbb5855658918aae9c0') in 0.0337927 seconds
Refreshing native plugins compatible for Editor in 0.81 ms, found 3 plugins.
Preloading 0 native plugins for Editor in 0.00 ms.
Asset Pipeline Refresh (id=46b48354a7c8b884c9cc2f22d7053fbd): Total: 0.049 seconds - Initiated by StopAssetImportingV2(NoUpdateAssetOptions)
Start importing Assets/Enemy/Art/Characters/Assassin/Assassin_PreviewVisual.prefab using Guid(79da42e48cd92404a85b7f1d176da666) (PrefabImporter) -> (artifact id: '379c18b74bca4108a375010dca816399') in 0.0036309 seconds
Refreshing native plugins compatible for Editor in 0.86 ms, found 3 plugins.
Preloading 0 native plugins for Editor in 0.00 ms.
Asset Pipeline Refresh (id=770deac6bc4e2ab40b8fc740904db5c9): Total: 0.039 seconds - Initiated by StopAssetImportingV2(NoUpdateAssetOptions)
Start importing Assets/Enemy/Art/Characters/ShieldGuard/ShieldGuard_BaseColor.png using Guid(a1025a2c202c9134c8da976099e31fc0) (TextureImporter) -> (artifact id: 'e28fb9b2d7e0de1ba01e25eaf372daeb') in 0.176563 seconds
Refreshing native plugins compatible for Editor in 0.84 ms, found 3 plugins.
Preloading 0 native plugins for Editor in 0.00 ms.
Asset Pipeline Refresh (id=619e7988d28011c45a387921f1e35344): Total: 0.190 seconds - Initiated by StopAssetImportingV2(NoUpdateAssetOptions)
Start importing Assets/Enemy/Art/Characters/ShieldGuard/ShieldGuard_Body.fbx using Guid(27893daa74a9e904a9da0a6c6b9e1afc) (FBXImporter) -> (artifact id: '7e7a207755d97d5db1f56db526083c51') in 0.0368074 seconds
Refreshing native plugins compatible for Editor in 0.83 ms, found 3 plugins.
Preloading 0 native plugins for Editor in 0.00 ms.
Asset Pipeline Refresh (id=722ce15b430c68e43a53966bca12677c): Total: 0.052 seconds - Initiated by StopAssetImportingV2(NoUpdateAssetOptions)
Asset Pipeline Refresh (id=bcf567e40cc1a7643b40dfd523750de7): Total: 0.015 seconds - Initiated by StopAssetImportingV2(NoUpdateAssetOptions)
Start importing Assets/Enemy/Art/Characters/HammerBrute/HammerBrute_BaseColor.png using Guid(9fd6bcd656ad9cb4f85f1e2f34ffc70f) (TextureImporter) -> (artifact id: '7009a7a6259a863d7015f5bd632c9976') in 0.165116 seconds
Refreshing native plugins compatible for Editor in 0.79 ms, found 3 plugins.
Preloading 0 native plugins for Editor in 0.00 ms.
Asset Pipeline Refresh (id=753d615e37b5f8646bf8462a66544a5a): Total: 0.180 seconds - Initiated by StopAssetImportingV2(NoUpdateAssetOptions)
Start importing Assets/Enemy/Art/Characters/HammerBrute/HammerBrute_Body.fbx using Guid(c31ebb24f2fc1a84cba1c036b92a58a8) (FBXImporter) -> (artifact id: 'c2ee5b40dbb0acc0e99e2aa265d54c4b') in 0.036246 seconds
Refreshing native plugins compatible for Editor in 0.79 ms, found 3 plugins.
Preloading 0 native plugins for Editor in 0.00 ms.
Asset Pipeline Refresh (id=3532372721273414ca5e39a2e6f7b66c): Total: 0.051 seconds - Initiated by StopAssetImportingV2(NoUpdateAssetOptions)
Asset Pipeline Refresh (id=db9b1872b8005cc4d9a63bbf2f83956f): Total: 0.013 seconds - Initiated by StopAssetImportingV2(NoUpdateAssetOptions)
Start importing Assets/Enemy/Art/Characters/Chief/Chief_BaseColor.png using Guid(295fa6d73b2e397489e98ab217a1b572) (TextureImporter) -> (artifact id: 'bdc9d4bd5bed7ab3c296709aea646fb5') in 0.1700506 seconds
Refreshing native plugins compatible for Editor in 0.88 ms, found 3 plugins.
Preloading 0 native plugins for Editor in 0.00 ms.
Asset Pipeline Refresh (id=7c150626f679f544aa343044f1eb618e): Total: 0.184 seconds - Initiated by StopAssetImportingV2(NoUpdateAssetOptions)
Start importing Assets/Enemy/Art/Characters/Chief/Chief_Body.fbx using Guid(ffffb48523497f04fbe30b8b723cded4) (FBXImporter) -> (artifact id: '1367c7934947391a1359c8ff1dab21cc') in 0.0323885 seconds
Refreshing native plugins compatible for Editor in 0.79 ms, found 3 plugins.
Preloading 0 native plugins for Editor in 0.00 ms.
Asset Pipeline Refresh (id=c44f05a3d95a2bf4dac608a29a8e5e56): Total: 0.047 seconds - Initiated by StopAssetImportingV2(NoUpdateAssetOptions)
Asset Pipeline Refresh (id=faae891eeb91ee640bc1b86071b4db28): Total: 0.018 seconds - Initiated by StopAssetImportingV2(NoUpdateAssetOptions)
Unloading 0 Unused Serialized files (Serialized files now loaded: 0)
Unloading 409 unused Assets / (74.9 KB). Loaded Objects now: 7408.
Memory consumption went from 206.0 MB to 205.9 MB.
Total: 6.349300 ms (FindLiveObjects: 0.282800 ms CreateObjectMapping: 0.181000 ms MarkObjects: 5.487000 ms  DeleteObjects: 0.397300 ms)

Start importing Assets/Enemy/Art/Characters/PreviewTrim.mat using Guid(a0adced74eb1a804f93ed4d86aea40b0) (NativeFormatImporter) -> (artifact id: 'f4c4b06c750edbb87408eb010464c071') in 0.0022885 seconds
Start importing Assets/Enemy/Art/Characters/Chief/Chief.mat using Guid(f2fef969932becc4ca57b37e2ee4226e) (NativeFormatImporter) -> (artifact id: '7833d93ff74e8389647aa929fe15d550') in 0.0021182 seconds
Start importing Assets/Enemy/Art/Characters/PreviewGround.mat using Guid(77b2476623a306a488b5cabb1b8e5e5c) (NativeFormatImporter) -> (artifact id: 'ca8729594c0eae524397c8e72a86ea58') in 0.0020169 seconds
Start importing Assets/Enemy/Art/Characters/Swordsman/Swordsman.mat using Guid(985d2dc00083e9144ba4b34c990c94fd) (NativeFormatImporter) -> (artifact id: '0e5d96bdd95531358c65f578ed72821c') in 0.0015653 seconds
Start importing Assets/Enemy/Art/Characters/Assassin/Assassin.mat using Guid(e8b18beda494f444998594512c912a2b) (NativeFormatImporter) -> (artifact id: '5a5c72077ad4650bc9180c61b920252e') in 0.0019742 seconds
Start importing Assets/Enemy/Art/Characters/ShieldGuard/ShieldGuard.mat using Guid(fee5cd695a41d8044a156dd80357d70b) (NativeFormatImporter) -> (artifact id: '3d267f3dcd15230f2fd3c0ecddb2ac6b') in 0.0015066 seconds
Start importing Assets/Enemy/Art/Characters/HammerBrute/HammerBrute.mat using Guid(ef6bff1d603026a449c7df02723dc6eb) (NativeFormatImporter) -> (artifact id: 'de1a9c6611b15c5114321f4022fcb34a') in 0.0014492 seconds
Refreshing native plugins compatible for Editor in 0.83 ms, found 3 plugins.
Preloading 0 native plugins for Editor in 0.00 ms.
Asset Pipeline Refresh (id=dfccdb1928a51614bbd7ff7245447070): Total: 0.038 seconds - Initiated by StopAssetImportingV2(NoUpdateAssetOptions)
Start importing Assets/Enemy/Generated/EnemyArtPreview.unity using Guid(59b6d8775861a524b8cc7a3f8a25c2a8) (DefaultImporter) -> (artifact id: 'ab0afa70b512820c0bba1c5627ec7e09') in 0.0009762 seconds
Refreshing native plugins compatible for Editor in 1.49 ms, found 3 plugins.
Preloading 0 native plugins for Editor in 0.00 ms.
Asset Pipeline Refresh (id=2ee7d22ed034b23438730264efd4621b): Total: 0.037 seconds - Initiated by StopAssetImportingV2(NoUpdateAssetOptions)
ENEMY_ART_PREVIEW_COMPLETE
Swordsman: height=1.750m floor=0.00000m, +Z forward, static body, 2 equipment renderers
Assassin: height=1.680m floor=0.00000m, +Z forward, static body, 2 equipment renderers
ShieldGuard: height=1.840m floor=0.00000m, +Z forward, static body, 2 equipment renderers
HammerBrute: height=1.940m floor=0.00000m, +Z forward, static body, 1 equipment renderers
Chief: height=2.040m floor=0.00000m, +Z forward, static body, 2 equipment renderers
UnityEngine.Debug:ExtractStackTraceNoAlloc (byte*,int,string)
UnityEngine.StackTraceUtility:ExtractStackTrace ()
UnityEngine.DebugLogHandler:Internal_Log (UnityEngine.LogType,UnityEngine.LogOption,string,UnityEngine.Object)
UnityEngine.DebugLogHandler:LogFormat (UnityEngine.LogType,UnityEngine.Object,string,object[])
UnityEngine.Logger:Log (UnityEngine.LogType,object)
UnityEngine.Debug:Log (object)
SandGuard.Enemy.Editor.EnemyArtPreviewBuilder:Build () (at Assets/Enemy/Editor/EnemyArtPreviewBuilder.cs:36)
SandGuard.Enemy.Editor.EnemyArtPreviewBuilder:BuildAndCapture () (at Assets/Enemy/Editor/EnemyArtPreviewBuilder.cs:261)

(Filename: Assets/Enemy/Editor/EnemyArtPreviewBuilder.cs Line: 36)

Opening scene 'Assets/Enemy/Generated/EnemyArtPreview.unity'
Unloading 12 Unused Serialized files (Serialized files now loaded: 0)
Loaded scene 'Assets/Enemy/Generated/EnemyArtPreview.unity'
	Deserialize:            2.184 ms
	Integration:            212.731 ms
	Integration of assets:  0.002 ms
	Thread Wait Time:       0.022 ms
	Total Operation Time:   214.939 ms
Unloading 551 unused Assets / (8.9 MB). Loaded Objects now: 8048.
Memory consumption went from 233.9 MB to 225.0 MB.
Total: 6.918000 ms (FindLiveObjects: 0.346800 ms CreateObjectMapping: 0.162800 ms MarkObjects: 6.043500 ms  DeleteObjects: 0.363800 ms)

Camera Preview Camera does not contain an additional camera data component. Open the Game Object in the inspector to add additional camera data.
UnityEngine.Debug:ExtractStackTraceNoAlloc (byte*,int,string)
UnityEngine.StackTraceUtility:ExtractStackTrace ()
UnityEngine.DebugLogHandler:Internal_Log (UnityEngine.LogType,UnityEngine.LogOption,string,UnityEngine.Object)
UnityEngine.DebugLogHandler:LogFormat (UnityEngine.LogType,UnityEngine.Object,string,object[])
UnityEngine.Logger:Log (UnityEngine.LogType,object)
UnityEngine.Debug:LogWarning (object)
UnityEngine.Rendering.DebugUI/CameraSelector:get_cameras () (at ./Library/PackageCache/com.unity.render-pipelines.core@60896ea171dc/Runtime/Debugging/DebugUI.Fields.cs:578)
UnityEngine.Rendering.DebugUI/CameraSelector:<.ctor>b__0_0 () (at ./Library/PackageCache/com.unity.render-pipelines.core@60896ea171dc/Runtime/Debugging/DebugUI.Fields.cs:542)
UnityEngine.Rendering.DebugDisplaySettingsVolume/SettingsPanel:.ctor (UnityEngine.Rendering.DebugDisplaySettingsVolume) (at ./Library/PackageCache/com.unity.render-pipelines.core@60896ea171dc/Runtime/Debugging/DebugDisplaySettingsVolumes.cs:701)
UnityEngine.Rendering.DebugDisplaySettingsVolume:CreatePanel () (at ./Library/PackageCache/com.unity.render-pipelines.core@60896ea171dc/Runtime/Debugging/DebugDisplaySettingsVolumes.cs:763)
UnityEngine.Rendering.DebugDisplaySettingsUI/<>c__DisplayClass3_0:<RegisterDebug>b__0 (UnityEngine.Rendering.IDebugDisplaySettingsData) (at ./Library/PackageCache/com.unity.render-pipelines.core@60896ea171dc/Runtime/Debugging/DebugDisplaySettingsUI.cs:47)
UnityEngine.Rendering.DebugDisplaySettings`1<UnityEngine.Rendering.Universal.UniversalRenderPipelineDebugDisplaySettings>:ForEach (System.Action`1<UnityEngine.Rendering.IDebugDisplaySettingsData>) (at ./Library/PackageCache/com.unity.render-pipelines.core@60896ea171dc/Runtime/Debugging/DebugDisplaySettings.cs:132)
UnityEngine.Rendering.DebugDisplaySettingsUI:RegisterDebug (UnityEngine.Rendering.IDebugDisplaySettings) (at ./Library/PackageCache/com.unity.render-pipelines.core@60896ea171dc/Runtime/Debugging/DebugDisplaySettingsUI.cs:66)
UnityEngine.Rendering.Universal.UniversalRenderPipeline:.ctor (UnityEngine.Rendering.Universal.UniversalRenderPipelineAsset) (at ./Library/PackageCache/com.unity.render-pipelines.universal@cc5029882822/Runtime/UniversalRenderPipeline.cs:281)
UnityEngine.Rendering.Universal.UniversalRenderPipelineAsset:CreatePipeline () (at ./Library/PackageCache/com.unity.render-pipelines.universal@cc5029882822/Runtime/Data/UniversalRenderPipelineAsset.cs:800)
UnityEngine.Rendering.RenderPipelineAsset:InternalCreatePipeline ()
UnityEngine.Rendering.RenderPipelineManager:TryPrepareRenderPipeline (UnityEngine.Rendering.RenderPipelineAsset)
UnityEngine.Rendering.RenderPipelineManager:DoRenderLoop_Internal (UnityEngine.Rendering.RenderPipelineAsset,intptr,UnityEngine.Object,Unity.Collections.LowLevel.Unsafe.AtomicSafetyHandle)
UnityEngine.Camera:Render ()
SandGuard.Enemy.Editor.EnemyArtPreviewBuilder:SaveImage (UnityEngine.Camera,string) (at Assets/Enemy/Editor/EnemyArtPreviewBuilder.cs:269)
SandGuard.Enemy.Editor.EnemyArtPreviewBuilder:Capture () (at Assets/Enemy/Editor/EnemyArtPreviewBuilder.cs:241)
SandGuard.Enemy.Editor.EnemyArtPreviewBuilder:BuildAndCapture () (at Assets/Enemy/Editor/EnemyArtPreviewBuilder.cs:261)

(Filename: ./Library/PackageCache/com.unity.render-pipelines.core@60896ea171dc/Runtime/Debugging/DebugUI.Fields.cs Line: 578)

ENEMY_ART_PREVIEW_CAPTURED
UnityEngine.Debug:ExtractStackTraceNoAlloc (byte*,int,string)
UnityEngine.StackTraceUtility:ExtractStackTrace ()
UnityEngine.DebugLogHandler:Internal_Log (UnityEngine.LogType,UnityEngine.LogOption,string,UnityEngine.Object)
UnityEngine.DebugLogHandler:LogFormat (UnityEngine.LogType,UnityEngine.Object,string,object[])
UnityEngine.Logger:Log (UnityEngine.LogType,object)
UnityEngine.Debug:Log (object)
SandGuard.Enemy.Editor.EnemyArtPreviewBuilder:Capture () (at Assets/Enemy/Editor/EnemyArtPreviewBuilder.cs:258)
SandGuard.Enemy.Editor.EnemyArtPreviewBuilder:BuildAndCapture () (at Assets/Enemy/Editor/EnemyArtPreviewBuilder.cs:261)

(Filename: Assets/Enemy/Editor/EnemyArtPreviewBuilder.cs Line: 258)

Batchmode quit successfully invoked - shutting down!
Killing ADB server in 0.042782 seconds.
[Physics::Module] Cleanup current backend.
[Physics::Module] Id: 0xf2b8ea05
Input System module state changed to: ShutdownInProgress.
Input System polling thread exited.
Input System module state changed to: Shutdown.
[Licensing::IpcConnector] LicenseClient-m-notifications channel disconnected successfully.
[Licensing::IpcConnector] LicenseClient-m channel disconnected successfully.
AcceleratorClientConnectionCallback - disconnected - :0
Cleanup mono
Exiting batchmode successfully now!
Exiting without the bug reporter. Application will terminate with return code 0